Component: ARM Compiler 5.06 update 4 (build 422) Tool: armlink [4d35d2]

==============================================================================

Section Cross References

    startup_stm32f405xx.o(RESET) refers to startup_stm32f405xx.o(STACK) for __initial_sp
    startup_stm32f405xx.o(RESET) refers to startup_stm32f405xx.o(.text) for Reset_Handler
    startup_stm32f405xx.o(RESET) refers to stm32f4xx_it.o(i.NMI_Handler) for NMI_Handler
    startup_stm32f405xx.o(RESET) refers to stm32f4xx_it.o(i.HardFault_Handler) for HardFault_Handler
    startup_stm32f405xx.o(RESET) refers to stm32f4xx_it.o(i.MemManage_Handler) for MemManage_Handler
    startup_stm32f405xx.o(RESET) refers to stm32f4xx_it.o(i.BusFault_Handler) for BusFault_Handler
    startup_stm32f405xx.o(RESET) refers to stm32f4xx_it.o(i.UsageFault_Handler) for UsageFault_Handler
    startup_stm32f405xx.o(RESET) refers to stm32f4xx_it.o(i.SVC_Handler) for SVC_Handler
    startup_stm32f405xx.o(RESET) refers to stm32f4xx_it.o(i.DebugMon_Handler) for DebugMon_Handler
    startup_stm32f405xx.o(RESET) refers to stm32f4xx_it.o(i.PendSV_Handler) for PendSV_Handler
    startup_stm32f405xx.o(RESET) refers to stm32f4xx_it.o(i.SysTick_Handler) for SysTick_Handler
    startup_stm32f405xx.o(RESET) refers to stm32f4xx_it.o(i.EXTI2_IRQHandler) for EXTI2_IRQHandler
    startup_stm32f405xx.o(RESET) refers to stm32f4xx_it.o(i.EXTI3_IRQHandler) for EXTI3_IRQHandler
    startup_stm32f405xx.o(RESET) refers to stm32f4xx_it.o(i.EXTI4_IRQHandler) for EXTI4_IRQHandler
    startup_stm32f405xx.o(RESET) refers to stm32f4xx_it.o(i.CAN1_TX_IRQHandler) for CAN1_TX_IRQHandler
    startup_stm32f405xx.o(RESET) refers to stm32f4xx_it.o(i.CAN1_RX0_IRQHandler) for CAN1_RX0_IRQHandler
    startup_stm32f405xx.o(RESET) refers to stm32f4xx_it.o(i.TIM2_IRQHandler) for TIM2_IRQHandler
    startup_stm32f405xx.o(RESET) refers to stm32f4xx_it.o(i.USART2_IRQHandler) for USART2_IRQHandler
    startup_stm32f405xx.o(RESET) refers to stm32f4xx_it.o(i.USART3_IRQHandler) for USART3_IRQHandler
    startup_stm32f405xx.o(RESET) refers to stm32f4xx_it.o(i.DMA2_Stream0_IRQHandler) for DMA2_Stream0_IRQHandler
    startup_stm32f405xx.o(RESET) refers to stm32f4xx_it.o(i.DMA2_Stream1_IRQHandler) for DMA2_Stream1_IRQHandler
    startup_stm32f405xx.o(RESET) refers to stm32f4xx_it.o(i.CAN2_RX0_IRQHandler) for CAN2_RX0_IRQHandler
    startup_stm32f405xx.o(.text) refers to system_stm32f4xx.o(i.SystemInit) for SystemInit
    startup_stm32f405xx.o(.text) refers to entry.o(.ARM.Collect$$$$00000000) for __main
    main.o(i.SystemClock_Config) refers to memseta.o(.text) for __aeabi_memclr4
    main.o(i.SystemClock_Config) refers to stm32f4xx_hal_rcc.o(i.HAL_RCC_OscConfig) for HAL_RCC_OscConfig
    main.o(i.SystemClock_Config) refers to stm32f4xx_hal_rcc.o(i.HAL_RCC_ClockConfig) for HAL_RCC_ClockConfig
    main.o(i.main) refers to stm32f4xx_hal.o(i.HAL_Init) for HAL_Init
    main.o(i.main) refers to main.o(i.SystemClock_Config) for SystemClock_Config
    main.o(i.main) refers to led.o(i.LED_GPIO_Config) for LED_GPIO_Config
    main.o(i.main) refers to temp_pres_drv.o(i.MX_DMA_Init) for MX_DMA_Init
    main.o(i.main) refers to temp_pres_drv.o(i.MX_ADC1_Init) for MX_ADC1_Init
    main.o(i.main) refers to temp_pres_drv.o(i.MX_ADC3_Init) for MX_ADC3_Init
    main.o(i.main) refers to usart.o(i.DEBUG_UART_Config) for DEBUG_UART_Config
    main.o(i.main) refers to spi.o(i.MX_SPI2_Init) for MX_SPI2_Init
    main.o(i.main) refers to spi.o(i.MX_SPI3_Init) for MX_SPI3_Init
    main.o(i.main) refers to bsp_output_do.o(i.API_OUT_Do_Cfg) for API_OUT_Do_Cfg
    main.o(i.main) refers to bsp_output_do.o(i.API_OUT_Do_Set) for API_OUT_Do_Set
    main.o(i.main) refers to fm24cl64b_i2c.o(i.I2C_Fram_Init) for I2C_Fram_Init
    main.o(i.main) refers to printf5.o(i.__0printf$5) for __2printf
    main.o(i.main) refers to stm32f4xx_hal_adc.o(i.HAL_ADC_Start_DMA) for HAL_ADC_Start_DMA
    main.o(i.main) refers to memseta.o(.text) for __aeabi_memclr4
    main.o(i.main) refers to fm24cl64b_i2c.o(i.I2C_Fram_PageWrite) for I2C_Fram_PageWrite
    main.o(i.main) refers to fm24cl64b_i2c.o(i.I2C_Fram_BufferRead) for I2C_Fram_BufferRead
    main.o(i.main) refers to spi_flash.o(i.SPI_FLASH_ReadDeviceID) for SPI_FLASH_ReadDeviceID
    main.o(i.main) refers to spi_flash.o(i.SPI_FLASH_ReadID) for SPI_FLASH_ReadID
    main.o(i.main) refers to bsp_user.o(i.bsp_application_task_loop) for bsp_application_task_loop
    main.o(i.main) refers to main.o(.bss) for .bss
    main.o(i.main) refers to temp_pres_drv.o(.bss) for hadc1
    stm32f4xx_it.o(i.CAN1_RX0_IRQHandler) refers to stm32f4xx_hal_can.o(i.HAL_CAN_IRQHandler) for HAL_CAN_IRQHandler
    stm32f4xx_it.o(i.CAN1_RX0_IRQHandler) refers to bsp_can.o(.bss) for hcan1
    stm32f4xx_it.o(i.CAN1_TX_IRQHandler) refers to stm32f4xx_hal_can.o(i.HAL_CAN_IRQHandler) for HAL_CAN_IRQHandler
    stm32f4xx_it.o(i.CAN1_TX_IRQHandler) refers to bsp_can.o(.bss) for hcan1
[...]
    Removing can_ccp.o(i.CanTransmit_0), (80 bytes).
    Removing can_ccp.o(i.ccpDisableNormalOperation), (4 bytes).
    Removing can_ccp.o(i.ccpFlashClear), (12 bytes).
    Removing can_ccp.o(i.ccpFlashProgramm), (38 bytes).
    Removing can_ccp.o(i.ccpGetCalPage), (12 bytes).
    Removing can_ccp.o(i.ccpGetPointer), (4 bytes).
    Removing can_ccp.o(i.ccpInitCalPage), (2 bytes).
    Removing can_ccp.o(i.ccpSend), (64 bytes).
    Removing can_ccp.o(i.ccpSetCalPage), (12 bytes).
    Removing can_ccp.o(i.ccpUserBackground), (2 bytes).
    Removing can_ccp.o(i.eeWrite), (2 bytes).
    Removing can_ccp.o(.data), (16 bytes).
    Removing ccp.o(i.ccpBackground), (80 bytes).
    Removing ccp.o(i.ccpCommand), (820 bytes).
    Removing ccp.o(i.ccpDaq), (180 bytes).
    Removing ccp.o(i.ccpInit), (28 bytes).
    Removing ccp.o(i.ccpPrepareDaq), (60 bytes).
    Removing ccp.o(i.ccpQueueInit), (16 bytes).
    Removing ccp.o(i.ccpQueueWrite), (56 bytes).
    Removing ccp.o(i.ccpReadMTA), (36 bytes).
    Removing ccp.o(i.ccpSampleAndTransmitDtm), (100 bytes).
    Removing ccp.o(i.ccpSendCallBack), (96 bytes).
    Removing ccp.o(i.ccpSendCrm), (44 bytes).
    Removing ccp.o(i.ccpStopAllDaq), (48 bytes).
    Removing ccp.o(i.ccpStopDaq), (72 bytes).
    Removing ccp.o(i.ccpWriteMTA), (40 bytes).
    Removing ccp.o(.bss), (3648 bytes).
    Removing ccp.o(.data), (8 bytes).
    Removing timer.o(i._timer_0), (6 bytes).
    Removing timer.o(i.init_timer_0), (44 bytes).
    Removing timer.o(.data), (4 bytes).
    Removing timer.o(.data), (1 bytes).
    Removing timer.o(.data), (1 bytes).
    Removing timer.o(.data), (4 bytes).
    Removing vectable.o(i.irq_dummy), (2 bytes).
    Removing vectable.o(.data), (240 bytes).
    Removing dmul.o(.text), (228 bytes).
    Removing ddiv.o(.text), (222 bytes).
    Removing dflti.o(.text), (34 bytes).
    Removing dfltui.o(.text), (26 bytes).
    Removing dfixui.o(.text), (50 bytes).
    Removing cdcmple.o(.text), (48 bytes).
    Removing cdrcmple.o(.text), (48 bytes).
    Removing depilogue.o(.text), (186 bytes).
    Removing dadd.o(.text), (334 bytes).
    Removing dfixul.o(.text), (48 bytes).

907 unused section(s) (total 69382 bytes) removed from the image.

==============================================================================

Image Symbol Table

    Local Symbols

    Symbol Name                              Value     Ov Type        Size  Object(Section)

    ../Drivers/STM32F4xx_HAL_Driver/Src/stm32f4xx_hal.c 0x00000000   Number         0  stm32f4xx_hal.o ABSOLUTE
    ../Drivers/STM32F4xx_HAL_Driver/Src/stm32f4xx_hal_cortex.c 0x00000000   Number         0  stm32f4xx_hal_cortex.o ABSOLUTE
    ../Drivers/STM32F4xx_HAL_Driver/Src/stm32f4xx_hal_dma.c 0x00000000   Number         0  stm32f4xx_hal_dma.o ABSOLUTE
    ../Drivers/STM32F4xx_HAL_Driver/Src/stm32f4xx_hal_dma_ex.c 0x00000000   Number         0  stm32f4xx_hal_dma_ex.o ABSOLUTE
    ../Drivers/STM32F4xx_HAL_Driver/Src/stm32f4xx_hal_exti.c 0x00000000   Number         0  stm32f4xx_hal_exti.o ABSOLUTE
    ../Drivers/STM32F4xx_HAL_Driver/Src/stm32f4xx_hal_flash.c 0x00000000   Number         0  stm32f4xx_hal_flash.o ABSOLUTE
    ../Drivers/STM32F4xx_HAL_Driver/Src/stm32f4xx_hal_flash_ex.c 0x00000000   Number         0  stm32f4xx_hal_flash_ex.o ABSOLUTE
    ../Drivers/STM32F4xx_HAL_Driver/Src/stm32f4xx_hal_flash_ramfunc.c 0x00000000   Number         0  stm32f4xx_hal_flash_ramfunc.o ABSOLUTE
    ../Drivers/STM32F4xx_HAL_Driver/Src/stm32f4xx_hal_gpio.c 0x00000000   Number         0  stm32f4xx_hal_gpio.o ABSOLUTE
    ../Drivers/STM32F4xx_HAL_Driver/Src/stm32f4xx_hal_pwr.c 0x00000000   Number         0  stm32f4xx_hal_pwr.o ABSOLUTE
    ../Drivers/STM32F4xx_HAL_Driver/Src/stm32f4xx_hal_pwr_ex.c 0x00000000   Number         0  stm32f4xx_hal_pwr_ex.o ABSOLUTE
    ../Drivers/STM32F4xx_HAL_Driver/Src/stm32f4xx_hal_rcc.c 0x00000000   Number         0  stm32f4xx_hal_rcc.o ABSOLUTE
    ../Drivers/STM32F4xx_HAL_Driver/Src/stm32f4xx_hal_rcc_ex.c 0x00000000   Number         0  stm32f4xx_hal_rcc_ex.o ABSOLUTE
    ../Drivers/STM32F4xx_HAL_Driver/Src/stm32f4xx_hal_tim.c 0x00000000   Number         0  stm32f4xx_hal_tim.o ABSOLUTE
    ../Drivers/STM32F4xx_HAL_Driver/Src/stm32f4xx_hal_tim_ex.c 0x00000000   Number         0  stm32f4xx_hal_tim_ex.o ABSOLUTE
    ../Drivers/STM32F4xx_HAL_Driver/Src/stm32f4xx_hal_uart.c 0x00000000   Number         0  stm32f4xx_hal_uart.o ABSOLUTE
    ../Src/main.c                            0x00000000   Number         0  main.o ABSOLUTE
    ../Src/stm32f4xx_hal_msp.c               0x00000000   Number         0  stm32f4xx_hal_msp.o ABSOLUTE
    ../Src/stm32f4xx_it.c                    0x00000000   Number         0  stm32f4xx_it.o ABSOLUTE
    ../Src/system_stm32f4xx.c                0x00000000   Number         0  system_stm32f4xx.o ABSOLUTE
    ../clib/microlib/division.c              0x00000000   Number         0  uidiv.o ABSOLUTE
    ../clib/microlib/division.c              0x00000000   Number         0  uldiv.o ABSOLUTE
    ../clib/microlib/init/entry.s            0x00000000   Number         0  entry.o ABSOLUTE
    ../clib/microlib/init/entry.s            0x00000000   Number         0  entry9a.o ABSOLUTE
    ../clib/microlib/init/entry.s            0x00000000   Number         0  entry11b.o ABSOLUTE
    ../clib/microlib/init/entry.s            0x00000000   Number         0  entry11a.o ABSOLUTE
    ../clib/microlib/init/entry.s            0x00000000   Number         0  entry10b.o ABSOLUTE
    ../clib/microlib/init/entry.s            0x00000000   Number         0  entry9b.o ABSOLUTE
    ../clib/microlib/init/entry.s            0x00000000   Number         0  entry8b.o ABSOLUTE
    ../clib/microlib/init/entry.s            0x00000000   Number         0  entry8a.o ABSOLUTE
    ../clib/microlib/init/entry.s            0x00000000   Number         0  entry7b.o ABSOLUTE
    ../clib/microlib/init/entry.s            0x00000000   Number         0  entry10a.o ABSOLUTE
    ../clib/microlib/init/entry.s            0x00000000   Number         0  entry7a.o ABSOLUTE
    ../clib/microlib/init/entry.s            0x00000000   Number         0  entry5.o ABSOLUTE
    ../clib/microlib/init/entry.s            0x00000000   Number         0  entry2.o ABSOLUTE
    ../clib/microlib/longlong.c              0x00000000   Number         0  llushr.o ABSOLUTE
    ../clib/microlib/longlong.c              0x00000000   Number         0  llsshr.o ABSOLUTE
    ../clib/microlib/longlong.c              0x00000000   Number         0  llshl.o ABSOLUTE
    ../clib/microlib/printf/printf.c         0x00000000   Number         0  printfa.o ABSOLUTE
    ../clib/microlib/printf/printf.c         0x00000000   Number         0  printf7.o ABSOLUTE
    ../clib/microlib/printf/printf.c         0x00000000   Number         0  printf6.o ABSOLUTE
    ../clib/microlib/printf/printf.c         0x00000000   Number         0  printf5.o ABSOLUTE
    ../clib/microlib/printf/printf.c         0x00000000   Number         0  printf4.o ABSOLUTE
    ../clib/microlib/printf/printf.c         0x00000000   Number         0  printf3.o ABSOLUTE
    ../clib/microlib/printf/printf.c         0x00000000   Number         0  printf2.o ABSOLUTE
    ../clib/microlib/printf/printf.c         0x00000000   Number         0  printf8.o ABSOLUTE
    ../clib/microlib/printf/printf.c         0x00000000   Number         0  printfb.o ABSOLUTE
    ../clib/microlib/printf/printf.c         0x00000000   Number         0  printf0.o ABSOLUTE
    ../clib/microlib/printf/printf.c         0x00000000   Number         0  printf1.o ABSOLUTE
    ../clib/microlib/printf/stubs.s          0x00000000   Number         0  stubs.o ABSOLUTE
    ../clib/microlib/stdio/streams.c         0x00000000   Number         0  stdout.o ABSOLUTE
    ../clib/microlib/string/memcpy.c         0x00000000   Number         0  memcpyb.o ABSOLUTE
    ../clib/microlib/string/memcpy.c         0x00000000   Number         0  memcpya.o ABSOLUTE
    ../clib/microlib/string/memset.c         0x00000000   Number         0  memseta.o ABSOLUTE
    ../clib/microlib/stubs.s                 0x00000000   Number         0  iusefp.o ABSOLUTE
    ../fplib/microlib/fpadd.c                0x00000000   Number         0  dadd.o ABSOLUTE
    ../fplib/microlib/fpdiv.c                0x00000000   Number         0  ddiv.o ABSOLUTE
    ../fplib/microlib/fpepilogue.c           0x00000000   Number         0  depilogue.o ABSOLUTE
    ../fplib/microlib/fpfix.c                0x00000000   Number         0  dfixul.o ABSOLUTE
    ../fplib/microlib/fpfix.c                0x00000000   Number         0  dfixui.o ABSOLUTE
    ../fplib/microlib/fpflt.c                0x00000000   Number         0  dfltui.o ABSOLUTE
    ../fplib/microlib/fpflt.c                0x00000000   Number         0  dflti.o ABSOLUTE
    ../fplib/microlib/fpmul.c                0x00000000   Number         0  dmul.o ABSOLUTE
    ..\Drivers\STM32F4xx_HAL_Driver\Src\stm32f4xx_hal.c 0x00000000   Number         0  stm32f4xx_hal.o ABSOLUTE
    ..\Drivers\STM32F4xx_HAL_Driver\Src\stm32f4xx_hal_adc.c 0x00000000   Number         0  stm32f4xx_hal_adc.o ABSOLUTE
    ..\Drivers\STM32F4xx_HAL_Driver\Src\stm32f4xx_hal_adc_ex.c 0x00000000   Number         0  stm32f4xx_hal_adc_ex.o ABSOLUTE
    ..\Drivers\STM32F4xx_HAL_Driver\Src\stm32f4xx_hal_can.c 0x00000000   Number         0  stm32f4xx_hal_can.o ABSOLUTE
    ..\Drivers\STM32F4xx_HAL_Driver\Src\stm32f4xx_hal_cortex.c 0x00000000   Number         0  stm32f4xx_hal_cortex.o ABSOLUTE
    ..\Drivers\STM32F4xx_HAL_Driver\Src\stm32f4xx_hal_dac.c 0x00000000   Number         0  stm32f4xx_hal_dac.o ABSOLUTE
    ..\Drivers\STM32F4xx_HAL_Driver\Src\stm32f4xx_hal_dac_ex.c 0x00000000   Number         0  stm32f4xx_hal_dac_ex.o ABSOLUTE
    ..\Drivers\STM32F4xx_HAL_Driver\Src\stm32f4xx_hal_dma.c 0x00000000   Number         0  stm32f4xx_hal_dma.o ABSOLUTE
    ..\Drivers\STM32F4xx_HAL_Driver\Src\stm32f4xx_hal_dma_ex.c 0x00000000   Number         0  stm32f4xx_hal_dma_ex.o ABSOLUTE
    ..\Drivers\STM32F4xx_HAL_Driver\Src\stm32f4xx_hal_exti.c 0x00000000   Number         0  stm32f4xx_hal_exti.o ABSOLUTE
    ..\Drivers\STM32F4xx_HAL_Driver\Src\stm32f4xx_hal_flash.c 0x00000000   Number         0  stm32f4xx_hal_flash.o ABSOLUTE
    ..\Drivers\STM32F4xx_HAL_Driver\Src\stm32f4xx_hal_flash_ex.c 0x00000000   Number         0  stm32f4xx_hal_flash_ex.o ABSOLUTE
    ..\Drivers\STM32F4xx_HAL_Driver\Src\stm32f4xx_hal_flash_ramfunc.c 0x00000000   Number         0  stm32f4xx_hal_flash_ramfunc.o ABSOLUTE
    ..\Drivers\STM32F4xx_HAL_Driver\Src\stm32f4xx_hal_gpio.c 0x00000000   Number         0  stm32f4xx_hal_gpio.o ABSOLUTE
    ..\Drivers\STM32F4xx_HAL_Driver\Src\stm32f4xx_hal_i2c.c 0x00000000   Number         0  stm32f4xx_hal_i2c.o ABSOLUTE
    ..\Drivers\STM32F4xx_HAL_Driver\Src\stm32f4xx_hal_i2c_ex.c 0x00000000   Number         0  stm32f4xx_hal_i2c_ex.o ABSOLUTE
    ..\Drivers\STM32F4xx_HAL_Driver\Src\stm32f4xx_hal_iwdg.c 0x00000000   Number         0  stm32f4xx_hal_iwdg.o ABSOLUTE
    ..\Drivers\STM32F4xx_HAL_Driver\Src\stm32f4xx_hal_pwr.c 0x00000000   Number         0  stm32f4xx_hal_pwr.o ABSOLUTE
    ..\Drivers\STM32F4xx_HAL_Driver\Src\stm32f4xx_hal_pwr_ex.c 0x00000000   Number         0  stm32f4xx_hal_pwr_ex.o ABSOLUTE
    ..\Drivers\STM32F4xx_HAL_Driver\Src\stm32f4xx_hal_rcc.c 0x00000000   Number         0  stm32f4xx_hal_rcc.o ABSOLUTE
    ..\Drivers\STM32F4xx_HAL_Driver\Src\stm32f4xx_hal_rcc_ex.c 0x00000000   Number         0  stm32f4xx_hal_rcc_ex.o ABSOLUTE
    ..\Drivers\STM32F4xx_HAL_Driver\Src\stm32f4xx_hal_spi.c 0x00000000   Number         0  stm32f4xx_hal_spi.o ABSOLUTE
    ..\Drivers\STM32F4xx_HAL_Driver\Src\stm32f4xx_hal_tim.c 0x00000000   Number         0  stm32f4xx_hal_tim.o ABSOLUTE
    ..\Drivers\STM32F4xx_HAL_Driver\Src\stm32f4xx_hal_tim_ex.c 0x00000000   Number         0  stm32f4xx_hal_tim_ex.o ABSOLUTE
    ..\Drivers\STM32F4xx_HAL_Driver\Src\stm32f4xx_hal_uart.c 0x00000000   Number         0  stm32f4xx_hal_uart.o ABSOLUTE
    ..\Src\CCP\boot_can.c                    0x00000000   Number         0  boot_can.o ABSOLUTE
    ..\Src\CCP\can_ccp.c                     0x00000000   Number         0  can_ccp.o ABSOLUTE
    ..\Src\CCP\ccp.c                         0x00000000   Number         0  ccp.o ABSOLUTE
    ..\Src\CCP\timer.c                       0x00000000   Number         0  timer.o ABSOLUTE
    ..\Src\CCP\vectable.c                    0x00000000   Number         0  vectable.o ABSOLUTE
    ..\Src\bsp_can.c                         0x00000000   Number         0  bsp_can.o ABSOLUTE
    ..\Src\bsp_input_ai.c                    0x00000000   Number         0  bsp_input_ai.o ABSOLUTE
    ..\Src\bsp_input_di.c                    0x00000000   Number         0  bsp_input_di.o ABSOLUTE
    ..\Src\bsp_iwdg.c                        0x00000000   Number         0  bsp_iwdg.o ABSOLUTE
    ..\Src\bsp_output_ao.c                   0x00000000   Number         0  bsp_output_ao.o ABSOLUTE
    ..\Src\bsp_output_do.c                   0x00000000   Number         0  bsp_output_do.o ABSOLUTE
    ..\Src\bsp_output_docc.c                 0x00000000   Number         0  bsp_output_docc.o ABSOLUTE
    ..\Src\bsp_par.c                         0x00000000   Number         0  bsp_par.o ABSOLUTE
    ..\Src\bsp_user.c                        0x00000000   Number         0  bsp_user.o ABSOLUTE
    ..\Src\can_queue.c                       0x00000000   Number         0  can_queue.o ABSOLUTE
    ..\Src\crc.c                             0x00000000   Number         0  crc.o ABSOLUTE
    ..\Src\dac.c                             0x00000000   Number         0  dac.o ABSOLUTE
    ..\Src\flash.c                           0x00000000   Number         0  flash.o ABSOLUTE
    ..\Src\fm24cl64b_i2c.c                   0x00000000   Number         0  fm24cl64b_i2c.o ABSOLUTE
    ..\Src\fm25cl64b.c                       0x00000000   Number         0  fm25cl64b.o ABSOLUTE
    ..\Src\led.c                             0x00000000   Number         0  led.o ABSOLUTE
    ..\Src\main.c                            0x00000000   Number         0  main.o ABSOLUTE
    ..\Src\mcp2515.c                         0x00000000   Number         0  mcp2515.o ABSOLUTE
    ..\Src\pi.c                              0x00000000   Number         0  pi.o ABSOLUTE
    ..\Src\spi.c                             0x00000000   Number         0  spi.o ABSOLUTE
    ..\Src\spi_flash.c                       0x00000000   Number         0  spi_flash.o ABSOLUTE
    ..\Src\stm32f4xx_hal_msp.c               0x00000000   Number         0  stm32f4xx_hal_msp.o ABSOLUTE
    ..\Src\stm32f4xx_it.c                    0x00000000   Number         0  stm32f4xx_it.o ABSOLUTE
    ..\Src\system_stm32f4xx.c                0x00000000   Number         0  system_stm32f4xx.o ABSOLUTE
    ..\Src\temp_pres_drv.c                   0x00000000   Number         0  temp_pres_drv.o ABSOLUTE
    ..\Src\tim.c                             0x00000000   Number         0  tim.o ABSOLUTE
    ..\Src\tle7242.c                         0x00000000   Number         0  tle7242.o ABSOLUTE
    ..\Src\usart.c                           0x00000000   Number         0  usart.o ABSOLUTE
    ..\\Drivers\\STM32F4xx_HAL_Driver\\Src\\stm32f4xx_hal_adc.c 0x00000000   Number         0  stm32f4xx_hal_adc.o ABSOLUTE
    ..\\Drivers\\STM32F4xx_HAL_Driver\\Src\\stm32f4xx_hal_adc_ex.c 0x00000000   Number         0  stm32f4xx_hal_adc_ex.o ABSOLUTE
    ..\\Drivers\\STM32F4xx_HAL_Driver\\Src\\stm32f4xx_hal_can.c 0x00000000   Number         0  stm32f4xx_hal_can.o ABSOLUTE
    ..\\Drivers\\STM32F4xx_HAL_Driver\\Src\\stm32f4xx_hal_dac.c 0x00000000   Number         0  stm32f4xx_hal_dac.o ABSOLUTE
    ..\\Drivers\\STM32F4xx_HAL_Driver\\Src\\stm32f4xx_hal_dac_ex.c 0x00000000   Number         0  stm32f4xx_hal_dac_ex.o ABSOLUTE
    ..\\Drivers\\STM32F4xx_HAL_Driver\\Src\\stm32f4xx_hal_i2c.c 0x00000000   Number         0  stm32f4xx_hal_i2c.o ABSOLUTE
    ..\\Drivers\\STM32F4xx_HAL_Driver\\Src\\stm32f4xx_hal_i2c_ex.c 0x00000000   Number         0  stm32f4xx_hal_i2c_ex.o ABSOLUTE
    ..\\Drivers\\STM32F4xx_HAL_Driver\\Src\\stm32f4xx_hal_iwdg.c 0x00000000   Number         0  stm32f4xx_hal_iwdg.o ABSOLUTE
    ..\\Drivers\\STM32F4xx_HAL_Driver\\Src\\stm32f4xx_hal_spi.c 0x00000000   Number         0  stm32f4xx_hal_spi.o ABSOLUTE
    ..\\Src\\CCP\\boot_can.c                 0x00000000   Number         0  boot_can.o ABSOLUTE
    ..\\Src\\CCP\\can_ccp.c                  0x00000000   Number         0  can_ccp.o ABSOLUTE
    ..\\Src\\bsp_can.c                       0x00000000   Number         0  bsp_can.o ABSOLUTE
    ..\\Src\\bsp_input_ai.c                  0x00000000   Number         0  bsp_input_ai.o ABSOLUTE
    ..\\Src\\bsp_input_di.c                  0x00000000   Number         0  bsp_input_di.o ABSOLUTE
    ..\\Src\\bsp_iwdg.c                      0x00000000   Number         0  bsp_iwdg.o ABSOLUTE
    ..\\Src\\bsp_output_ao.c                 0x00000000   Number         0  bsp_output_ao.o ABSOLUTE
    ..\\Src\\bsp_output_do.c                 0x00000000   Number         0  bsp_output_do.o ABSOLUTE
    ..\\Src\\bsp_output_docc.c               0x00000000   Number         0  bsp_output_docc.o ABSOLUTE
    ..\\Src\\bsp_par.c                       0x00000000   Number         0  bsp_par.o ABSOLUTE
    ..\\Src\\can_queue.c                     0x00000000   Number         0  can_queue.o ABSOLUTE
    ..\\Src\\dac.c                           0x00000000   Number         0  dac.o ABSOLUTE
    ..\\Src\\fm24cl64b_i2c.c                 0x00000000   Number         0  fm24cl64b_i2c.o ABSOLUTE
    ..\\Src\\fm25cl64b.c                     0x00000000   Number         0  fm25cl64b.o ABSOLUTE
    ..\\Src\\led.c                           0x00000000   Number         0  led.o ABSOLUTE
    ..\\Src\\mcp2515.c                       0x00000000   Number         0  mcp2515.o ABSOLUTE
    ..\\Src\\pi.c                            0x00000000   Number         0  pi.o ABSOLUTE
    ..\\Src\\spi.c                           0x00000000   Number         0  spi.o ABSOLUTE
    ..\\Src\\spi_flash.c                     0x00000000   Number         0  spi_flash.o ABSOLUTE
    ..\\Src\\temp_pres_drv.c                 0x00000000   Number         0  temp_pres_drv.o ABSOLUTE
    ..\\Src\\tim.c                           0x00000000   Number         0  tim.o ABSOLUTE
    ..\\Src\\tle7242.c                       0x00000000   Number         0  tle7242.o ABSOLUTE
    ..\\Src\\usart.c                         0x00000000   Number         0  usart.o ABSOLUTE
    cdcmple.s                                0x00000000   Number         0  cdcmple.o ABSOLUTE
    cdrcmple.s                               0x00000000   Number         0  cdrcmple.o ABSOLUTE
    dc.s                                     0x00000000   Number         0  dc.o ABSOLUTE
    handlers.s                               0x00000000   Number         0  handlers.o ABSOLUTE
    init.s                                   0x00000000   Number         0  init.o ABSOLUTE
    startup_stm32f405xx.s                    0x00000000   Number         0  startup_stm32f405xx.o ABSOLUTE
    RESET                                    0x08000000   Section      392  startup_stm32f405xx.o(RESET)
    .ARM.Collect$$$$00000000                 0x08000188   Section        0  entry.o(.ARM.Collect$$$$00000000)
    .ARM.Collect$$$$00000001                 0x08000188   Section        4  entry2.o(.ARM.Collect$$$$00000001)
    .ARM.Collect$$$$00000004                 0x0800018c   Section        4  entry5.o(.ARM.Collect$$$$00000004)
    .ARM.Collect$$$$00000008                 0x08000190   Section        0  entry7b.o(.ARM.Collect$$$$00000008)
    .ARM.Collect$$$$0000000A                 0x08000190   Section        0  entry8b.o(.ARM.Collect$$$$0000000A)
    .ARM.Collect$$$$0000000B                 0x08000190   Section        8  entry9a.o(.ARM.Collect$$$$0000000B)
    .ARM.Collect$$$$0000000D                 0x08000198   Section        0  entry10a.o(.ARM.Collect$$$$0000000D)
    .ARM.Collect$$$$0000000F                 0x08000198   Section        0  entry11a.o(.ARM.Collect$$$$0000000F)
    .ARM.Collect$$$$00002712                 0x08000198   Section        4  entry2.o(.ARM.Collect$$$$00002712)
    __lit__00000000                          0x08000198   Data           4  entry2.o(.ARM.Collect$$$$00002712)
    .text                                    0x0800019c   Section       36  startup_stm32f405xx.o(.text)
    $v0                                      0x0800019c   Number         0  startup_stm32f405xx.o(.text)
    .text                                    0x080001c0   Section        0  uldiv.o(.text)
    .text                                    0x08000222   Section        0  memcpya.o(.text)
    .text                                    0x08000246   Section        0  memseta.o(.text)
    .text                                    0x0800026a   Section        0  llshl.o(.text)
    .text                                    0x08000288   Section        0  llushr.o(.text)
    .text                                    0x080002a8   Section       36  init.o(.text)
    i.ADC_DMAConvCplt                        0x080002cc   Section        0  stm32f4xx_hal_adc.o(i.ADC_DMAConvCplt)
    ADC_DMAConvCplt                          0x080002cd   Thumb Code   110  stm32f4xx_hal_adc.o(i.ADC_DMAConvCplt)
    i.ADC_DMAError                           0x0800033a   Section        0  stm32f4xx_hal_adc.o(i.ADC_DMAError)
    ADC_DMAError                             0x0800033b   Thumb Code    22  stm32f4xx_hal_adc.o(i.ADC_DMAError)
    i.ADC_DMAHalfConvCplt                    0x08000350   Section        0  stm32f4xx_hal_adc.o(i.ADC_DMAHalfConvCplt)
    ADC_DMAHalfConvCplt                      0x08000351   Thumb Code    10  stm32f4xx_hal_adc.o(i.ADC_DMAHalfConvCplt)
    i.ADC_Init                               0x0800035c   Section        0  stm32f4xx_hal_adc.o(i.ADC_Init)
    ADC_Init                                 0x0800035d   Thumb Code   284  stm32f4xx_hal_adc.o(i.ADC_Init)
    i.API_OUT_Do_Cfg                         0x08000484   Section        0  bsp_output_do.o(i.API_OUT_Do_Cfg)
    i.API_OUT_Do_Set                         0x08000560   Section        0  bsp_output_do.o(i.API_OUT_Do_Set)
    i.BusFault_Handler                       0x0800056c   Section        0  stm32f4xx_it.o(i.BusFault_Handler)
    i.CAN1_RX0_IRQHandler                    0x08000570   Section        0  stm32f4xx_it.o(i.CAN1_RX0_IRQHandler)
    i.CAN1_TX_IRQHandler                     0x0800057c   Section        0  stm32f4xx_it.o(i.CAN1_TX_IRQHandler)
    i.CAN2_RX0_IRQHandler                    0x08000588   Section        0  stm32f4xx_it.o(i.CAN2_RX0_IRQHandler)
    i.DEBUG_UART_Config                      0x08000594   Section        0  usart.o(i.DEBUG_UART_Config)
    i.DMA2_Stream0_IRQHandler                0x080005d4   Section        0  stm32f4xx_it.o(i.DMA2_Stream0_IRQHandler)
    i.DMA2_Stream1_IRQHandler                0x080005e0   Section        0  stm32f4xx_it.o(i.DMA2_Stream1_IRQHandler)
    i.DMA_CalcBaseAndBitshift                0x080005ec   Section        0  stm32f4xx_hal_dma.o(i.DMA_CalcBaseAndBitshift)
    DMA_CalcBaseAndBitshift                  0x080005ed   Thumb Code    34  stm32f4xx_hal_dma.o(i.DMA_CalcBaseAndBitshift)
    i.DMA_CheckFifoParam                     0x08000614   Section        0  stm32f4xx_hal_dma.o(i.DMA_CheckFifoParam)
    DMA_CheckFifoParam                       0x08000615   Thumb Code    84  stm32f4xx_hal_dma.o(i.DMA_CheckFifoParam)
    i.DMA_SetConfig                          0x08000668   Section        0  stm32f4xx_hal_dma.o(i.DMA_SetConfig)
    DMA_SetConfig                            0x08000669   Thumb Code    40  stm32f4xx_hal_dma.o(i.DMA_SetConfig)
    i.DebugMon_Handler                       0x08000690   Section        0  stm32f4xx_it.o(i.DebugMon_Handler)
    i.EXTI2_IRQHandler                       0x08000692   Section        0  stm32f4xx_it.o(i.EXTI2_IRQHandler)
    i.EXTI3_IRQHandler                       0x08000694   Section        0  stm32f4xx_it.o(i.EXTI3_IRQHandler)
    i.EXTI4_IRQHandler                       0x08000696   Section        0  stm32f4xx_it.o(i.EXTI4_IRQHandler)
    i.Error_Handler                          0x08000698   Section        0  main.o(i.Error_Handler)
    i.HAL_ADC_ConfigChannel                  0x0800069c   Section        0  stm32f4xx_hal_adc.o(i.HAL_ADC_ConfigChannel)
    i.HAL_ADC_ConvCpltCallback               0x080007e8   Section        0  temp_pres_drv.o(i.HAL_ADC_ConvCpltCallback)
    i.HAL_ADC_ConvHalfCpltCallback           0x080008b8   Section        0  stm32f4xx_hal_adc.o(i.HAL_ADC_ConvHalfCpltCallback)
    i.HAL_ADC_ErrorCallback                  0x080008ba   Section        0  stm32f4xx_hal_adc.o(i.HAL_ADC_ErrorCallback)
    i.HAL_ADC_Init                           0x080008bc   Section        0  stm32f4xx_hal_adc.o(i.HAL_ADC_Init)
    i.HAL_ADC_MspInit                        0x08000910   Section        0  temp_pres_drv.o(i.HAL_ADC_MspInit)
    i.HAL_ADC_Start_DMA                      0x08000a80   Section        0  stm32f4xx_hal_adc.o(i.HAL_ADC_Start_DMA)
    i.HAL_CAN_ErrorCallback                  0x08000bb0   Section        0  bsp_can.o(i.HAL_CAN_ErrorCallback)
    i.HAL_CAN_GetRxMessage                   0x08000bb2   Section        0  stm32f4xx_hal_can.o(i.HAL_CAN_GetRxMessage)
    i.HAL_CAN_IRQHandler                     0x08000c9a   Section        0  stm32f4xx_hal_can.o(i.HAL_CAN_IRQHandler)
    i.HAL_CAN_RxFifo0FullCallback            0x08000e96   Section        0  stm32f4xx_hal_can.o(i.HAL_CAN_RxFifo0FullCallback)
    i.HAL_CAN_RxFifo0MsgPendingCallback      0x08000e98   Section        0  bsp_can.o(i.HAL_CAN_RxFifo0MsgPendingCallback)
    i.HAL_CAN_RxFifo1FullCallback            0x08000e9e   Section        0  stm32f4xx_hal_can.o(i.HAL_CAN_RxFifo1FullCallback)
    i.HAL_CAN_RxFifo1MsgPendingCallback      0x08000ea0   Section        0  bsp_can.o(i.HAL_CAN_RxFifo1MsgPendingCallback)
    i.HAL_CAN_SleepCallback                  0x08000ea6   Section        0  stm32f4xx_hal_can.o(i.HAL_CAN_SleepCallback)
    i.HAL_CAN_TxMailbox0AbortCallback        0x08000ea8   Section        0  stm32f4xx_hal_can.o(i.HAL_CAN_TxMailbox0AbortCallback)
    i.HAL_CAN_TxMailbox0CompleteCallback     0x08000eac   Section        0  bsp_can.o(i.HAL_CAN_TxMailbox0CompleteCallback)
    i.HAL_CAN_TxMailbox1AbortCallback        0x08000ebc   Section        0  stm32f4xx_hal_can.o(i.HAL_CAN_TxMailbox1AbortCallback)
    i.HAL_CAN_TxMailbox1CompleteCallback     0x08000ec0   Section        0  bsp_can.o(i.HAL_CAN_TxMailbox1CompleteCallback)
    i.HAL_CAN_TxMailbox2AbortCallback        0x08000ed0   Section        0  stm32f4xx_hal_can.o(i.HAL_CAN_TxMailbox2AbortCallback)
    i.HAL_CAN_TxMailbox2CompleteCallback     0x08000ed4   Section        0  bsp_can.o(i.HAL_CAN_TxMailbox2CompleteCallback)
    i.HAL_CAN_WakeUpFromRxMsgCallback        0x08000ee4   Section        0  stm32f4xx_hal_can.o(i.HAL_CAN_WakeUpFromRxMsgCallback)
    i.HAL_DMA_IRQHandler                     0x08000ee8   Section        0  stm32f4xx_hal_dma.o(i.HAL_DMA_IRQHandler)
    i.HAL_DMA_Init                           0x08001088   Section        0  stm32f4xx_hal_dma.o(i.HAL_DMA_Init)
    i.HAL_DMA_Start_IT                       0x0800115c   Section        0  stm32f4xx_hal_dma.o(i.HAL_DMA_Start_IT)
    i.HAL_GPIO_Init                          0x080011cc   Section        0  stm32f4xx_hal_gpio.o(i.HAL_GPIO_Init)
    i.HAL_GetTick                            0x08001384   Section        0  stm32f4xx_hal.o(i.HAL_GetTick)
    i.HAL_I2C_GetState                       0x08001390   Section        0  stm32f4xx_hal_i2c.o(i.HAL_I2C_GetState)
    i.HAL_I2C_Init                           0x08001398   Section        0  stm32f4xx_hal_i2c.o(i.HAL_I2C_Init)
    i.HAL_I2C_IsDeviceReady                  0x08001520   Section        0  stm32f4xx_hal_i2c.o(i.HAL_I2C_IsDeviceReady)
    i.HAL_I2C_Mem_Read                       0x0800168c   Section        0  stm32f4xx_hal_i2c.o(i.HAL_I2C_Mem_Read)
    i.HAL_I2C_Mem_Write                      0x08001884   Section        0  stm32f4xx_hal_i2c.o(i.HAL_I2C_Mem_Write)
    i.HAL_I2C_MspInit                        0x080019b4   Section        0  fm24cl64b_i2c.o(i.HAL_I2C_MspInit)
    i.HAL_IncTick                            0x08001a3c   Section        0  stm32f4xx_hal.o(i.HAL_IncTick)
    i.HAL_Init                               0x08001a4c   Section        0  stm32f4xx_hal.o(i.HAL_Init)
    i.HAL_InitTick                           0x08001a80   Section        0  stm32f4xx_hal.o(i.HAL_InitTick)
    i.HAL_MspInit                            0x08001ac0   Section        0  stm32f4xx_hal_msp.o(i.HAL_MspInit)
    i.HAL_NVIC_EnableIRQ                     0x08001af0   Section        0  stm32f4xx_hal_cortex.o(i.HAL_NVIC_EnableIRQ)
    i.HAL_NVIC_SetPriority                   0x08001b0c   Section        0  stm32f4xx_hal_cortex.o(i.HAL_NVIC_SetPriority)
    i.HAL_NVIC_SetPriorityGrouping           0x08001b4c   Section        0  stm32f4xx_hal_cortex.o(i.HAL_NVIC_SetPriorityGrouping)
    i.HAL_RCC_ClockConfig                    0x08001b70   Section        0  stm32f4xx_hal_rcc.o(i.HAL_RCC_ClockConfig)
    i.HAL_RCC_GetPCLK1Freq                   0x08001ca4   Section        0  stm32f4xx_hal_rcc.o(i.HAL_RCC_GetPCLK1Freq)
    i.HAL_RCC_GetPCLK2Freq                   0x08001cc4   Section        0  stm32f4xx_hal_rcc.o(i.HAL_RCC_GetPCLK2Freq)
    i.HAL_RCC_GetSysClockFreq                0x08001ce4   Section        0  stm32f4xx_hal_rcc.o(i.HAL_RCC_GetSysClockFreq)
    i.HAL_RCC_OscConfig                      0x08001d44   Section        0  stm32f4xx_hal_rcc.o(i.HAL_RCC_OscConfig)
    i.HAL_SPI_Init                           0x080020a0   Section        0  stm32f4xx_hal_spi.o(i.HAL_SPI_Init)
    i.HAL_SPI_MspInit                        0x08002120   Section        0  spi.o(i.HAL_SPI_MspInit)
    i.HAL_SPI_Receive                        0x080021f0   Section        0  stm32f4xx_hal_spi.o(i.HAL_SPI_Receive)
    i.HAL_SPI_Transmit                       0x08002340   Section        0  stm32f4xx_hal_spi.o(i.HAL_SPI_Transmit)
    i.HAL_SPI_TransmitReceive                0x0800249c   Section        0  stm32f4xx_hal_spi.o(i.HAL_SPI_TransmitReceive)
    i.HAL_SYSTICK_Config                     0x0800267e   Section        0  stm32f4xx_hal_cortex.o(i.HAL_SYSTICK_Config)
    i.HAL_UART_Init                          0x080026a6   Section        0  stm32f4xx_hal_uart.o(i.HAL_UART_Init)
    i.HAL_UART_MspInit                       0x08002708   Section        0  usart.o(i.HAL_UART_MspInit)
    i.HAL_UART_Transmit                      0x08002784   Section        0  stm32f4xx_hal_uart.o(i.HAL_UART_Transmit)
    i.HardFault_Handler                      0x0800283e   Section        0  stm32f4xx_it.o(i.HardFault_Handler)
    i.I2C_Fram_BufferRead                    0x08002840   Section        0  fm24cl64b_i2c.o(i.I2C_Fram_BufferRead)
    i.I2C_Fram_Init                          0x0800285c   Section        0  fm24cl64b_i2c.o(i.I2C_Fram_Init)
    i.I2C_Fram_PageWrite                     0x0800288c   Section        0  fm24cl64b_i2c.o(i.I2C_Fram_PageWrite)
    i.I2C_IsAcknowledgeFailed                0x080028d4   Section        0  stm32f4xx_hal_i2c.o(i.I2C_IsAcknowledgeFailed)
    I2C_IsAcknowledgeFailed                  0x080028d5   Thumb Code    46  stm32f4xx_hal_i2c.o(i.I2C_IsAcknowledgeFailed)
    i.I2C_RequestMemoryRead                  0x08002904   Section        0  stm32f4xx_hal_i2c.o(i.I2C_RequestMemoryRead)
    I2C_RequestMemoryRead                    0x08002905   Thumb Code   246  stm32f4xx_hal_i2c.o(i.I2C_RequestMemoryRead)
    i.I2C_RequestMemoryWrite                 0x08002a00   Section        0  stm32f4xx_hal_i2c.o(i.I2C_RequestMemoryWrite)
    I2C_RequestMemoryWrite                   0x08002a01   Thumb Code   162  stm32f4xx_hal_i2c.o(i.I2C_RequestMemoryWrite)
    i.I2C_WaitOnBTFFlagUntilTimeout          0x08002aa8   Section        0  stm32f4xx_hal_i2c.o(i.I2C_WaitOnBTFFlagUntilTimeout)
    I2C_WaitOnBTFFlagUntilTimeout            0x08002aa9   Thumb Code    76  stm32f4xx_hal_i2c.o(i.I2C_WaitOnBTFFlagUntilTimeout)
    i.I2C_WaitOnFlagUntilTimeout             0x08002af4   Section        0  stm32f4xx_hal_i2c.o(i.I2C_WaitOnFlagUntilTimeout)
    I2C_WaitOnFlagUntilTimeout               0x08002af5   Thumb Code   104  stm32f4xx_hal_i2c.o(i.I2C_WaitOnFlagUntilTimeout)
    i.I2C_WaitOnMasterAddressFlagUntilTimeout 0x08002b5c   Section        0  stm32f4xx_hal_i2c.o(i.I2C_WaitOnMasterAddressFlagUntilTimeout)
    I2C_WaitOnMasterAddressFlagUntilTimeout  0x08002b5d   Thumb Code   150  stm32f4xx_hal_i2c.o(i.I2C_WaitOnMasterAddressFlagUntilTimeout)
    i.I2C_WaitOnRXNEFlagUntilTimeout         0x08002bf2   Section        0  stm32f4xx_hal_i2c.o(i.I2C_WaitOnRXNEFlagUntilTimeout)
    I2C_WaitOnRXNEFlagUntilTimeout           0x08002bf3   Thumb Code   102  stm32f4xx_hal_i2c.o(i.I2C_WaitOnRXNEFlagUntilTimeout)
    i.I2C_WaitOnTXEFlagUntilTimeout          0x08002c58   Section        0  stm32f4xx_hal_i2c.o(i.I2C_WaitOnTXEFlagUntilTimeout)
    I2C_WaitOnTXEFlagUntilTimeout            0x08002c59   Thumb Code    76  stm32f4xx_hal_i2c.o(i.I2C_WaitOnTXEFlagUntilTimeout)
    i.InsertCanQueueRx                       0x08002ca4   Section        0  can_queue.o(i.InsertCanQueueRx)
    i.IsFullCanQueueRx                       0x08002ce8   Section        0  can_queue.o(i.IsFullCanQueueRx)
    i.LED_GPIO_Config                        0x08002d10   Section        0  led.o(i.LED_GPIO_Config)
    i.MX_ADC1_Init                           0x08002ddc   Section        0  temp_pres_drv.o(i.MX_ADC1_Init)
    i.MX_ADC3_Init                           0x08002eec   Section        0  temp_pres_drv.o(i.MX_ADC3_Init)
    i.MX_DMA_Init                            0x0800300c   Section        0  temp_pres_drv.o(i.MX_DMA_Init)
    i.MX_SPI2_Init                           0x08003048   Section        0  spi.o(i.MX_SPI2_Init)
    i.MX_SPI3_Init                           0x08003090   Section        0  spi.o(i.MX_SPI3_Init)
    i.MemManage_Handler                      0x080030d8   Section        0  stm32f4xx_it.o(i.MemManage_Handler)
    i.NMI_Handler                            0x080030da   Section        0  stm32f4xx_it.o(i.NMI_Handler)
    i.PendSV_Handler                         0x080030dc   Section        0  stm32f4xx_it.o(i.PendSV_Handler)
    i.SPI_EndRxTransaction                   0x080030de   Section        0  stm32f4xx_hal_spi.o(i.SPI_EndRxTransaction)
    SPI_EndRxTransaction                     0x080030df   Thumb Code    92  stm32f4xx_hal_spi.o(i.SPI_EndRxTransaction)
    i.SPI_EndRxTxTransaction                 0x0800313c   Section        0  stm32f4xx_hal_spi.o(i.SPI_EndRxTxTransaction)
    SPI_EndRxTxTransaction                   0x0800313d   Thumb Code    80  stm32f4xx_hal_spi.o(i.SPI_EndRxTxTransaction)
    i.SPI_FLASH_ReadDeviceID                 0x08003194   Section        0  spi_flash.o(i.SPI_FLASH_ReadDeviceID)
    i.SPI_FLASH_ReadID                       0x080031d0   Section        0  spi_flash.o(i.SPI_FLASH_ReadID)
    i.SPI_WaitFlagStateUntilTimeout          0x08003240   Section        0  stm32f4xx_hal_spi.o(i.SPI_WaitFlagStateUntilTimeout)
    SPI_WaitFlagStateUntilTimeout            0x08003241   Thumb Code   148  stm32f4xx_hal_spi.o(i.SPI_WaitFlagStateUntilTimeout)
    i.SVC_Handler                            0x080032d4   Section        0  stm32f4xx_it.o(i.SVC_Handler)
    i.SysTick_Handler                        0x080032d8   Section        0  stm32f4xx_it.o(i.SysTick_Handler)
    i.SystemClock_Config                     0x080033a8   Section        0  main.o(i.SystemClock_Config)
    i.SystemInit                             0x08003430   Section        0  system_stm32f4xx.o(i.SystemInit)
    i.TIM2_IRQHandler                        0x0800344c   Section        0  stm32f4xx_it.o(i.TIM2_IRQHandler)
    i.UART_SetConfig                         0x08003450   Section        0  stm32f4xx_hal_uart.o(i.UART_SetConfig)
    UART_SetConfig                           0x08003451   Thumb Code   286  stm32f4xx_hal_uart.o(i.UART_SetConfig)
    i.UART_WaitOnFlagUntilTimeout            0x08003578   Section        0  stm32f4xx_hal_uart.o(i.UART_WaitOnFlagUntilTimeout)
    UART_WaitOnFlagUntilTimeout              0x08003579   Thumb Code   100  stm32f4xx_hal_uart.o(i.UART_WaitOnFlagUntilTimeout)
    i.USART2_IRQHandler                      0x080035dc   Section        0  stm32f4xx_it.o(i.USART2_IRQHandler)
    i.USART3_IRQHandler                      0x080035de   Section        0  stm32f4xx_it.o(i.USART3_IRQHandler)
    i.UsageFault_Handler                     0x080035e0   Section        0  stm32f4xx_it.o(i.UsageFault_Handler)
    i.__0printf$5                            0x080035e4   Section        0  printf5.o(i.__0printf$5)
    i.__NVIC_SetPriority                     0x08003604   Section        0  stm32f4xx_hal_cortex.o(i.__NVIC_SetPriority)
    __NVIC_SetPriority                       0x08003605   Thumb Code    32  stm32f4xx_hal_cortex.o(i.__NVIC_SetPriority)
    i.__scatterload_copy                     0x08003624   Section       14  handlers.o(i.__scatterload_copy)
    i.__scatterload_null                     0x08003632   Section        2  handlers.o(i.__scatterload_null)
    i.__scatterload_zeroinit                 0x08003634   Section       14  handlers.o(i.__scatterload_zeroinit)
    i._printf_core                           0x08003644   Section        0  printf5.o(i._printf_core)
    _printf_core                             0x08003645   Thumb Code   658  printf5.o(i._printf_core)
    i.bsp_application_task_2000ms            0x08003904   Section        0  bsp_user.o(i.bsp_application_task_2000ms)
    i.bsp_application_task_loop              0x08003968   Section        0  bsp_user.o(i.bsp_application_task_loop)
    i.fputc                                  0x080039e0   Section        0  usart.o(i.fputc)
    i.main                                   0x080039f8   Section        0  main.o(i.main)
    i.spi3_read_write_byte                   0x08003b94   Section        0  spi.o(i.spi3_read_write_byte)
    i.spi3_trx                               0x08003bb4   Section        0  spi.o(i.spi3_trx)
    i.stm32can_rxinterrupt                   0x08003bf0   Section        0  bsp_can.o(i.stm32can_rxinterrupt)
    .constdata                               0x08003d14   Section        8  stm32f4xx_hal_dma.o(.constdata)
    flagBitshiftOffset                       0x08003d14   Data           8  stm32f4xx_hal_dma.o(.constdata)
    .constdata                               0x08003d1c   Section       16  system_stm32f4xx.o(.constdata)
    .constdata                               0x08003d2c   Section        8  system_stm32f4xx.o(.constdata)
    .data                                    0x20000000   Section        1  main.o(.data)
    .data                                    0x20000001   Section        1  main.o(.data)
    .data                                    0x20000002   Section        1  main.o(.data)
    .data                                    0x20000003   Section        1  main.o(.data)
    .data                                    0x20000004   Section        1  main.o(.data)
    .data                                    0x20000005   Section        1  main.o(.data)
    .data                                    0x20000006   Section        1  main.o(.data)
    .data                                    0x20000007   Section        1  main.o(.data)
    .data                                    0x20000008   Section        1  main.o(.data)
    .data                                    0x2000000a   Section        6  temp_pres_drv.o(.data)
    .data                                    0x20000010   Section       12  bsp_can.o(.data)
    HAL_RCC_CAN1_CLK_ENABLED                 0x20000018   Data           4  bsp_can.o(.data)
    .data                                    0x2000001c   Section       12  stm32f4xx_hal.o(.data)
    .data                                    0x20000028   Section        4  system_stm32f4xx.o(.data)
    .data                                    0x2000002c   Section        4  stdout.o(.data)
    .bss                                     0x20000030   Section       38  main.o(.bss)
    .bss                                     0x20000058   Section       36  main.o(.bss)
    .bss                                     0x2000007c   Section       40  main.o(.bss)
    .bss                                     0x200000a4   Section       18  main.o(.bss)
    .bss                                     0x200000b6   Section       20  main.o(.bss)
    .bss                                     0x200000cc   Section       64  usart.o(.bss)
    .bss                                     0x2000010c   Section      176  spi.o(.bss)
    .bss                                     0x200001bc   Section      336  temp_pres_drv.o(.bss)
    .bss                                     0x2000030c   Section       80  bsp_can.o(.bss)
    .bss                                     0x2000035c   Section     2008  can_queue.o(.bss)
    .bss                                     0x20000b34   Section       84  fm24cl64b_i2c.o(.bss)
    STACK                                    0x20000b88   Section     1024  startup_stm32f405xx.o(STACK)

    Global Symbols

    Symbol Name                              Value     Ov Type        Size  Object(Section)

    BuildAttributes$$THM_ISAv4$E$P$D$K$B$S$7EM$VFPi3$EXTD16$VFPS$VFMA$PE$A:L22UL41UL21$X:L11$S22US41US21$IEEE1$IW$USESV6$~STKCKD$USESV7$~SHL$OSPACE$ROPI$EBA8$MICROLIB$REQ8$PRES8$EABIv2 0x00000000   Number         0  anon$$obj.o ABSOLUTE
    __ARM_use_no_argv                        0x00000000   Number         0  main.o ABSOLUTE
    _printf_a                                0x00000000   Number         0  stubs.o ABSOLUTE
    _printf_c                                0x00000000   Number         0  stubs.o ABSOLUTE
    _printf_charcount                        0x00000000   Number         0  stubs.o ABSOLUTE
    _printf_d                                0x00000000   Number         0  stubs.o ABSOLUTE
    _printf_e                                0x00000000   Number         0  stubs.o ABSOLUTE
    _printf_f                                0x00000000   Number         0  stubs.o ABSOLUTE
    _printf_flags                            0x00000000   Number         0  stubs.o ABSOLUTE
    _printf_fp_dec                           0x00000000   Number         0  stubs.o ABSOLUTE
    _printf_fp_hex                           0x00000000   Number         0  stubs.o ABSOLUTE
    _printf_g                                0x00000000   Number         0  stubs.o ABSOLUTE
    _printf_i                                0x00000000   Number         0  stubs.o ABSOLUTE
    _printf_int_dec                          0x00000000   Number         0  stubs.o ABSOLUTE
    _printf_l                                0x00000000   Number         0  stubs.o ABSOLUTE
    _printf_lc                               0x00000000   Number         0  stubs.o ABSOLUTE
    _printf_ll                               0x00000000   Number         0  stubs.o ABSOLUTE
    _printf_lld                              0x00000000   Number         0  stubs.o ABSOLUTE
    _printf_lli                              0x00000000   Number         0  stubs.o ABSOLUTE
    _printf_llo                              0x00000000   Number         0  stubs.o ABSOLUTE
    _printf_llu                              0x00000000   Number         0  stubs.o ABSOLUTE
    _printf_llx                              0x00000000   Number         0  stubs.o ABSOLUTE
    _printf_longlong_dec                     0x00000000   Number         0  stubs.o ABSOLUTE
    _printf_longlong_hex                     0x00000000   Number         0  stubs.o ABSOLUTE
    _printf_longlong_oct                     0x00000000   Number         0  stubs.o ABSOLUTE
    _printf_ls                               0x00000000   Number         0  stubs.o ABSOLUTE
    _printf_mbtowc                           0x00000000   Number         0  stubs.o ABSOLUTE
    _printf_n                                0x00000000   Number         0  stubs.o ABSOLUTE
    _printf_o                                0x00000000   Number         0  stubs.o ABSOLUTE
    _printf_p                                0x00000000   Number         0  stubs.o ABSOLUTE
    _printf_percent                          0x00000000   Number         0  stubs.o ABSOLUTE
    _printf_pre_padding                      0x00000000   Number         0  stubs.o ABSOLUTE
    _printf_return_value                     0x00000000   Number         0  stubs.o ABSOLUTE
    _printf_s                                0x00000000   Number         0  stubs.o ABSOLUTE
    _printf_sizespec                         0x00000000   Number         0  stubs.o ABSOLUTE
    _printf_str                              0x00000000   Number         0  stubs.o ABSOLUTE
    _printf_truncate_signed                  0x00000000   Number         0  stubs.o ABSOLUTE
    _printf_truncate_unsigned                0x00000000   Number         0  stubs.o ABSOLUTE
    _printf_u                                0x00000000   Number         0  stubs.o ABSOLUTE
    _printf_wc                               0x00000000   Number         0  stubs.o ABSOLUTE
    _printf_wctomb                           0x00000000   Number         0  stubs.o ABSOLUTE
    _printf_widthprec                        0x00000000   Number         0  stubs.o ABSOLUTE
    _printf_x                                0x00000000   Number         0  stubs.o ABSOLUTE
    __cpp_initialize__aeabi_                  - Undefined Weak Reference
    __cxa_finalize                            - Undefined Weak Reference
    __decompress                              - Undefined Weak Reference
    _clock_init                               - Undefined Weak Reference
    _microlib_exit                            - Undefined Weak Reference
    __Vectors_Size                           0x00000188   Number         0  startup_stm32f405xx.o ABSOLUTE
    __Vectors                                0x08000000   Data           4  startup_stm32f405xx.o(RESET)
    __Vectors_End                            0x08000188   Data           0  startup_stm32f405xx.o(RESET)
    __main                                   0x08000189   Thumb Code     0  entry.o(.ARM.Collect$$$$00000000)
    _main_stk                                0x08000189   Thumb Code     0  entry2.o(.ARM.Collect$$$$00000001)
    _main_scatterload                        0x0800018d   Thumb Code     0  entry5.o(.ARM.Collect$$$$00000004)
    __main_after_scatterload                 0x08000191   Thumb Code     0  entry5.o(.ARM.Collect$$$$00000004)
    _main_clock                              0x08000191   Thumb Code     0  entry7b.o(.ARM.Collect$$$$00000008)
    _main_cpp_init                           0x08000191   Thumb Code     0  entry8b.o(.ARM.Collect$$$$0000000A)
    _main_init                               0x08000191   Thumb Code     0  entry9a.o(.ARM.Collect$$$$0000000B)
    __rt_final_cpp                           0x08000199   Thumb Code     0  entry10a.o(.ARM.Collect$$$$0000000D)
    __rt_final_exit                          0x08000199   Thumb Code     0  entry11a.o(.ARM.Collect$$$$0000000F)
    Reset_Handler                            0x0800019d   Thumb Code     8  startup_stm32f405xx.o(.text)
    ADC_IRQHandler                           0x080001b7   Thumb Code     0  startup_stm32f405xx.o(.text)
    CAN1_RX1_IRQHandler                      0x080001b7   Thumb Code     0  startup_stm32f405xx.o(.text)
    CAN1_SCE_IRQHandler                      0x080001b7   Thumb Code     0  startup_stm32f405xx.o(.text)
    CAN2_RX1_IRQHandler                      0x080001b7   Thumb Code     0  startup_stm32f405xx.o(.text)
    CAN2_SCE_IRQHandler                      0x080001b7   Thumb Code     0  startup_stm32f405xx.o(.text)
    CAN2_TX_IRQHandler                       0x080001b7   Thumb Code     0  startup_stm32f405xx.o(.text)
    DMA1_Stream0_IRQHandler                  0x080001b7   Thumb Code     0  startup_stm32f405xx.o(.text)
    DMA1_Stream1_IRQHandler                  0x080001b7   Thumb Code     0  startup_stm32f405xx.o(.text)
    DMA1_Stream2_IRQHandler                  0x080001b7   Thumb Code     0  startup_stm32f405xx.o(.text)
    DMA1_Stream3_IRQHandler                  0x080001b7   Thumb Code     0  startup_stm32f405xx.o(.text)
    DMA1_Stream4_IRQHandler                  0x080001b7   Thumb Code     0  startup_stm32f405xx.o(.text)
    DMA1_Stream5_IRQHandler                  0x080001b7   Thumb Code     0  startup_stm32f405xx.o(.text)
    DMA1_Stream6_IRQHandler                  0x080001b7   Thumb Code     0  startup_stm32f405xx.o(.text)
    DMA1_Stream7_IRQHandler                  0x080001b7   Thumb Code     0  startup_stm32f405xx.o(.text)
    DMA2_Stream2_IRQHandler                  0x080001b7   Thumb Code     0  startup_stm32f405xx.o(.text)
    DMA2_Stream3_IRQHandler                  0x080001b7   Thumb Code     0  startup_stm32f405xx.o(.text)
    DMA2_Stream4_IRQHandler                  0x080001b7   Thumb Code     0  startup_stm32f405xx.o(.text)
    DMA2_Stream5_IRQHandler                  0x080001b7   Thumb Code     0  startup_stm32f405xx.o(.text)
    DMA2_Stream6_IRQHandler                  0x080001b7   Thumb Code     0  startup_stm32f405xx.o(.text)
    DMA2_Stream7_IRQHandler                  0x080001b7   Thumb Code     0  startup_stm32f405xx.o(.text)
    EXTI0_IRQHandler                         0x080001b7   Thumb Code     0  startup_stm32f405xx.o(.text)
    EXTI15_10_IRQHandler                     0x080001b7   Thumb Code     0  startup_stm32f405xx.o(.text)
    EXTI1_IRQHandler                         0x080001b7   Thumb Code     0  startup_stm32f405xx.o(.text)
    EXTI9_5_IRQHandler                       0x080001b7   Thumb Code     0  startup_stm32f405xx.o(.text)
    FLASH_IRQHandler                         0x080001b7   Thumb Code     0  startup_stm32f405xx.o(.text)
    FMC_IRQHandler                           0x080001b7   Thumb Code     0  startup_stm32f405xx.o(.text)
    FPU_IRQHandler                           0x080001b7   Thumb Code     0  startup_stm32f405xx.o(.text)
    HASH_RNG_IRQHandler                      0x080001b7   Thumb Code     0  startup_stm32f405xx.o(.text)
    I2C1_ER_IRQHandler                       0x080001b7   Thumb Code     0  startup_stm32f405xx.o(.text)
    I2C1_EV_IRQHandler                       0x080001b7   Thumb Code     0  startup_stm32f405xx.o(.text)
    I2C2_ER_IRQHandler                       0x080001b7   Thumb Code     0  startup_stm32f405xx.o(.text)
    I2C2_EV_IRQHandler                       0x080001b7   Thumb Code     0  startup_stm32f405xx.o(.text)
    I2C3_ER_IRQHandler                       0x080001b7   Thumb Code     0  startup_stm32f405xx.o(.text)
    I2C3_EV_IRQHandler                       0x080001b7   Thumb Code     0  startup_stm32f405xx.o(.text)
    OTG_FS_IRQHandler                        0x080001b7   Thumb Code     0  startup_stm32f405xx.o(.text)
    OTG_FS_WKUP_IRQHandler                   0x080001b7   Thumb Code     0  startup_stm32f405xx.o(.text)
    OTG_HS_EP1_IN_IRQHandler                 0x080001b7   Thumb Code     0  startup_stm32f405xx.o(.text)
    OTG_HS_EP1_OUT_IRQHandler                0x080001b7   Thumb Code     0  startup_stm32f405xx.o(.text)
    OTG_HS_IRQHandler                        0x080001b7   Thumb Code     0  startup_stm32f405xx.o(.text)
    OTG_HS_WKUP_IRQHandler                   0x080001b7   Thumb Code     0  startup_stm32f405xx.o(.text)
    PVD_IRQHandler                           0x080001b7   Thumb Code     0  startup_stm32f405xx.o(.text)
    RCC_IRQHandler                           0x080001b7   Thumb Code     0  startup_stm32f405xx.o(.text)
    RTC_Alarm_IRQHandler                     0x080001b7   Thumb Code     0  startup_stm32f405xx.o(.text)
    RTC_WKUP_IRQHandler                      0x080001b7   Thumb Code     0  startup_stm32f405xx.o(.text)
    SDIO_IRQHandler                          0x080001b7   Thumb Code     0  startup_stm32f405xx.o(.text)
    SPI1_IRQHandler                          0x080001b7   Thumb Code     0  startup_stm32f405xx.o(.text)
    SPI2_IRQHandler                          0x080001b7   Thumb Code     0  startup_stm32f405xx.o(.text)
    SPI3_IRQHandler                          0x080001b7   Thumb Code     0  startup_stm32f405xx.o(.text)
    TAMP_STAMP_IRQHandler                    0x080001b7   Thumb Code     0  startup_stm32f405xx.o(.text)
    TIM1_BRK_TIM9_IRQHandler                 0x080001b7   Thumb Code     0  startup_stm32f405xx.o(.text)
    TIM1_CC_IRQHandler                       0x080001b7   Thumb Code     0  startup_stm32f405xx.o(.text)
    TIM1_TRG_COM_TIM11_IRQHandler            0x080001b7   Thumb Code     0  startup_stm32f405xx.o(.text)
    TIM1_UP_TIM10_IRQHandler                 0x080001b7   Thumb Code     0  startup_stm32f405xx.o(.text)
    TIM3_IRQHandler                          0x080001b7   Thumb Code     0  startup_stm32f405xx.o(.text)
    TIM4_IRQHandler                          0x080001b7   Thumb Code     0  startup_stm32f405xx.o(.text)
    TIM5_IRQHandler                          0x080001b7   Thumb Code     0  startup_stm32f405xx.o(.text)
    TIM6_DAC_IRQHandler                      0x080001b7   Thumb Code     0  startup_stm32f405xx.o(.text)
    TIM7_IRQHandler                          0x080001b7   Thumb Code     0  startup_stm32f405xx.o(.text)
    TIM8_BRK_TIM12_IRQHandler                0x080001b7   Thumb Code     0  startup_stm32f405xx.o(.text)
    TIM8_CC_IRQHandler                       0x080001b7   Thumb Code     0  startup_stm32f405xx.o(.text)
    TIM8_TRG_COM_TIM14_IRQHandler            0x080001b7   Thumb Code     0  startup_stm32f405xx.o(.text)
    TIM8_UP_TIM13_IRQHandler                 0x080001b7   Thumb Code     0  startup_stm32f405xx.o(.text)
    UART4_IRQHandler                         0x080001b7   Thumb Code     0  startup_stm32f405xx.o(.text)
    UART5_IRQHandler                         0x080001b7   Thumb Code     0  startup_stm32f405xx.o(.text)
    USART1_IRQHandler                        0x080001b7   Thumb Code     0  startup_stm32f405xx.o(.text)
    USART6_IRQHandler                        0x080001b7   Thumb Code     0  startup_stm32f405xx.o(.text)
    WWDG_IRQHandler                          0x080001b7   Thumb Code     0  startup_stm32f405xx.o(.text)
    __aeabi_uldivmod                         0x080001c1   Thumb Code    98  uldiv.o(.text)
    __aeabi_memcpy                           0x08000223   Thumb Code    36  memcpya.o(.text)
    __aeabi_memcpy4                          0x08000223   Thumb Code     0  memcpya.o(.text)
    __aeabi_memcpy8                          0x08000223   Thumb Code     0  memcpya.o(.text)
    __aeabi_memset                           0x08000247   Thumb Code    14  memseta.o(.text)
    __aeabi_memset4                          0x08000247   Thumb Code     0  memseta.o(.text)
    __aeabi_memset8                          0x08000247   Thumb Code     0  memseta.o(.text)
    __aeabi_memclr                           0x08000255   Thumb Code     4  memseta.o(.text)
    __aeabi_memclr4                          0x08000255   Thumb Code     0  memseta.o(.text)
    __aeabi_memclr8                          0x08000255   Thumb Code     0  memseta.o(.text)
    _memset$wrapper                          0x08000259   Thumb Code    18  memseta.o(.text)
    __aeabi_llsl                             0x0800026b   Thumb Code    30  llshl.o(.text)
    _ll_shift_l                              0x0800026b   Thumb Code     0  llshl.o(.text)
    __aeabi_llsr                             0x08000289   Thumb Code    32  llushr.o(.text)
    _ll_ushift_r                             0x08000289   Thumb Code     0  llushr.o(.text)
    __scatterload                            0x080002a9   Thumb Code    28  init.o(.text)
    __scatterload_rt2                        0x080002a9   Thumb Code     0  init.o(.text)
    API_OUT_Do_Cfg                           0x08000485   Thumb Code   210  bsp_output_do.o(i.API_OUT_Do_Cfg)
    API_OUT_Do_Set                           0x08000561   Thumb Code    12  bsp_output_do.o(i.API_OUT_Do_Set)
    BusFault_Handler                         0x0800056d   Thumb Code     2  stm32f4xx_it.o(i.BusFault_Handler)
    CAN1_RX0_IRQHandler                      0x08000571   Thumb Code     6  stm32f4xx_it.o(i.CAN1_RX0_IRQHandler)
    CAN1_TX_IRQHandler                       0x0800057d   Thumb Code     6  stm32f4xx_it.o(i.CAN1_TX_IRQHandler)
    CAN2_RX0_IRQHandler                      0x08000589   Thumb Code     6  stm32f4xx_it.o(i.CAN2_RX0_IRQHandler)
    DEBUG_UART_Config                        0x08000595   Thumb Code    54  usart.o(i.DEBUG_UART_Config)
    DMA2_Stream0_IRQHandler                  0x080005d5   Thumb Code     6  stm32f4xx_it.o(i.DMA2_Stream0_IRQHandler)
    DMA2_Stream1_IRQHandler                  0x080005e1   Thumb Code     6  stm32f4xx_it.o(i.DMA2_Stream1_IRQHandler)
    DebugMon_Handler                         0x08000691   Thumb Code     2  stm32f4xx_it.o(i.DebugMon_Handler)
    EXTI2_IRQHandler                         0x08000693   Thumb Code     2  stm32f4xx_it.o(i.EXTI2_IRQHandler)
    EXTI3_IRQHandler                         0x08000695   Thumb Code     2  stm32f4xx_it.o(i.EXTI3_IRQHandler)
    EXTI4_IRQHandler                         0x08000697   Thumb Code     2  stm32f4xx_it.o(i.EXTI4_IRQHandler)
    Error_Handler                            0x08000699   Thumb Code     2  main.o(i.Error_Handler)
    HAL_ADC_ConfigChannel                    0x0800069d   Thumb Code   316  stm32f4xx_hal_adc.o(i.HAL_ADC_ConfigChannel)
    HAL_ADC_ConvCpltCallback                 0x080007e9   Thumb Code   174  temp_pres_drv.o(i.HAL_ADC_ConvCpltCallback)
    HAL_ADC_ConvHalfCpltCallback             0x080008b9   Thumb Code     2  stm32f4xx_hal_adc.o(i.HAL_ADC_ConvHalfCpltCallback)
    HAL_ADC_ErrorCallback                    0x080008bb   Thumb Code     2  stm32f4xx_hal_adc.o(i.HAL_ADC_ErrorCallback)
    HAL_ADC_Init                             0x080008bd   Thumb Code    84  stm32f4xx_hal_adc.o(i.HAL_ADC_Init)
    HAL_ADC_MspInit                          0x08000911   Thumb Code   332  temp_pres_drv.o(i.HAL_ADC_MspInit)
    HAL_ADC_Start_DMA                        0x08000a81   Thumb Code   268  stm32f4xx_hal_adc.o(i.HAL_ADC_Start_DMA)
    HAL_CAN_ErrorCallback                    0x08000bb1   Thumb Code     2  bsp_can.o(i.HAL_CAN_ErrorCallback)
    HAL_CAN_GetRxMessage                     0x08000bb3   Thumb Code   232  stm32f4xx_hal_can.o(i.HAL_CAN_GetRxMessage)
    HAL_CAN_IRQHandler                       0x08000c9b   Thumb Code   508  stm32f4xx_hal_can.o(i.HAL_CAN_IRQHandler)
    HAL_CAN_RxFifo0FullCallback              0x08000e97   Thumb Code     2  stm32f4xx_hal_can.o(i.HAL_CAN_RxFifo0FullCallback)
    HAL_CAN_RxFifo0MsgPendingCallback        0x08000e99   Thumb Code     6  bsp_can.o(i.HAL_CAN_RxFifo0MsgPendingCallback)
    HAL_CAN_RxFifo1FullCallback              0x08000e9f   Thumb Code     2  stm32f4xx_hal_can.o(i.HAL_CAN_RxFifo1FullCallback)
    HAL_CAN_RxFifo1MsgPendingCallback        0x08000ea1   Thumb Code     6  bsp_can.o(i.HAL_CAN_RxFifo1MsgPendingCallback)
    HAL_CAN_SleepCallback                    0x08000ea7   Thumb Code     2  stm32f4xx_hal_can.o(i.HAL_CAN_SleepCallback)
    HAL_CAN_TxMailbox0AbortCallback          0x08000ea9   Thumb Code     2  stm32f4xx_hal_can.o(i.HAL_CAN_TxMailbox0AbortCallback)
    HAL_CAN_TxMailbox0CompleteCallback       0x08000ead   Thumb Code    10  bsp_can.o(i.HAL_CAN_TxMailbox0CompleteCallback)
    HAL_CAN_TxMailbox1AbortCallback          0x08000ebd   Thumb Code     2  stm32f4xx_hal_can.o(i.HAL_CAN_TxMailbox1AbortCallback)
    HAL_CAN_TxMailbox1CompleteCallback       0x08000ec1   Thumb Code    10  bsp_can.o(i.HAL_CAN_TxMailbox1CompleteCallback)
    HAL_CAN_TxMailbox2AbortCallback          0x08000ed1   Thumb Code     2  stm32f4xx_hal_can.o(i.HAL_CAN_TxMailbox2AbortCallback)
    HAL_CAN_TxMailbox2CompleteCallback       0x08000ed5   Thumb Code    10  bsp_can.o(i.HAL_CAN_TxMailbox2CompleteCallback)
    HAL_CAN_WakeUpFromRxMsgCallback          0x08000ee5   Thumb Code     2  stm32f4xx_hal_can.o(i.HAL_CAN_WakeUpFromRxMsgCallback)
    HAL_DMA_IRQHandler                       0x08000ee9   Thumb Code   412  stm32f4xx_hal_dma.o(i.HAL_DMA_IRQHandler)
    HAL_DMA_Init                             0x08001089   Thumb Code   206  stm32f4xx_hal_dma.o(i.HAL_DMA_Init)
    HAL_DMA_Start_IT                         0x0800115d   Thumb Code   110  stm32f4xx_hal_dma.o(i.HAL_DMA_Start_IT)
    HAL_GPIO_Init                            0x080011cd   Thumb Code   394  stm32f4xx_hal_gpio.o(i.HAL_GPIO_Init)
    HAL_GetTick                              0x08001385   Thumb Code     6  stm32f4xx_hal.o(i.HAL_GetTick)
    HAL_I2C_GetState                         0x08001391   Thumb Code     6  stm32f4xx_hal_i2c.o(i.HAL_I2C_GetState)
    HAL_I2C_Init                             0x08001399   Thumb Code   376  stm32f4xx_hal_i2c.o(i.HAL_I2C_Init)
    HAL_I2C_IsDeviceReady                    0x08001521   Thumb Code   354  stm32f4xx_hal_i2c.o(i.HAL_I2C_IsDeviceReady)
    HAL_I2C_Mem_Read                         0x0800168d   Thumb Code   490  stm32f4xx_hal_i2c.o(i.HAL_I2C_Mem_Read)
    HAL_I2C_Mem_Write                        0x08001885   Thumb Code   294  stm32f4xx_hal_i2c.o(i.HAL_I2C_Mem_Write)
    HAL_I2C_MspInit                          0x080019b5   Thumb Code   128  fm24cl64b_i2c.o(i.HAL_I2C_MspInit)
    HAL_IncTick                              0x08001a3d   Thumb Code    12  stm32f4xx_hal.o(i.HAL_IncTick)
    HAL_Init                                 0x08001a4d   Thumb Code    48  stm32f4xx_hal.o(i.HAL_Init)
    HAL_InitTick                             0x08001a81   Thumb Code    54  stm32f4xx_hal.o(i.HAL_InitTick)
    HAL_MspInit                              0x08001ac1   Thumb Code    42  stm32f4xx_hal_msp.o(i.HAL_MspInit)
    HAL_NVIC_EnableIRQ                       0x08001af1   Thumb Code    26  stm32f4xx_hal_cortex.o(i.HAL_NVIC_EnableIRQ)
    HAL_NVIC_SetPriority                     0x08001b0d   Thumb Code    60  stm32f4xx_hal_cortex.o(i.HAL_NVIC_SetPriority)
    HAL_NVIC_SetPriorityGrouping             0x08001b4d   Thumb Code    26  stm32f4xx_hal_cortex.o(i.HAL_NVIC_SetPriorityGrouping)
    HAL_RCC_ClockConfig                      0x08001b71   Thumb Code   288  stm32f4xx_hal_rcc.o(i.HAL_RCC_ClockConfig)
    HAL_RCC_GetPCLK1Freq                     0x08001ca5   Thumb Code    20  stm32f4xx_hal_rcc.o(i.HAL_RCC_GetPCLK1Freq)
    HAL_RCC_GetPCLK2Freq                     0x08001cc5   Thumb Code    20  stm32f4xx_hal_rcc.o(i.HAL_RCC_GetPCLK2Freq)
    HAL_RCC_GetSysClockFreq                  0x08001ce5   Thumb Code    88  stm32f4xx_hal_rcc.o(i.HAL_RCC_GetSysClockFreq)
    HAL_RCC_OscConfig                        0x08001d45   Thumb Code   840  stm32f4xx_hal_rcc.o(i.HAL_RCC_OscConfig)
    HAL_SPI_Init                             0x080020a1   Thumb Code   128  stm32f4xx_hal_spi.o(i.HAL_SPI_Init)
    HAL_SPI_MspInit                          0x08002121   Thumb Code   188  spi.o(i.HAL_SPI_MspInit)
    HAL_SPI_Receive                          0x080021f1   Thumb Code   336  stm32f4xx_hal_spi.o(i.HAL_SPI_Receive)
    HAL_SPI_Transmit                         0x08002341   Thumb Code   348  stm32f4xx_hal_spi.o(i.HAL_SPI_Transmit)
    HAL_SPI_TransmitReceive                  0x0800249d   Thumb Code   482  stm32f4xx_hal_spi.o(i.HAL_SPI_TransmitReceive)
    HAL_SYSTICK_Config                       0x0800267f   Thumb Code    40  stm32f4xx_hal_cortex.o(i.HAL_SYSTICK_Config)
    HAL_UART_Init                            0x080026a7   Thumb Code    98  stm32f4xx_hal_uart.o(i.HAL_UART_Init)
    HAL_UART_MspInit                         0x08002709   Thumb Code   114  usart.o(i.HAL_UART_MspInit)
    HAL_UART_Transmit                        0x08002785   Thumb Code   186  stm32f4xx_hal_uart.o(i.HAL_UART_Transmit)
    HardFault_Handler                        0x0800283f   Thumb Code     2  stm32f4xx_it.o(i.HardFault_Handler)
    I2C_Fram_BufferRead                      0x08002841   Thumb Code    24  fm24cl64b_i2c.o(i.I2C_Fram_BufferRead)
    I2C_Fram_Init                            0x0800285d   Thumb Code    34  fm24cl64b_i2c.o(i.I2C_Fram_Init)
    I2C_Fram_PageWrite                       0x0800288d   Thumb Code    66  fm24cl64b_i2c.o(i.I2C_Fram_PageWrite)
    InsertCanQueueRx                         0x08002ca5   Thumb Code    64  can_queue.o(i.InsertCanQueueRx)
    IsFullCanQueueRx                         0x08002ce9   Thumb Code    34  can_queue.o(i.IsFullCanQueueRx)
    LED_GPIO_Config                          0x08002d11   Thumb Code   196  led.o(i.LED_GPIO_Config)
    MX_ADC1_Init                             0x08002ddd   Thumb Code   260  temp_pres_drv.o(i.MX_ADC1_Init)
    MX_ADC3_Init                             0x08002eed   Thumb Code   274  temp_pres_drv.o(i.MX_ADC3_Init)
    MX_DMA_Init                              0x0800300d   Thumb Code    56  temp_pres_drv.o(i.MX_DMA_Init)
    MX_SPI2_Init                             0x08003049   Thumb Code    62  spi.o(i.MX_SPI2_Init)
    MX_SPI3_Init                             0x08003091   Thumb Code    62  spi.o(i.MX_SPI3_Init)
    MemManage_Handler                        0x080030d9   Thumb Code     2  stm32f4xx_it.o(i.MemManage_Handler)
    NMI_Handler                              0x080030db   Thumb Code     2  stm32f4xx_it.o(i.NMI_Handler)
    PendSV_Handler                           0x080030dd   Thumb Code     2  stm32f4xx_it.o(i.PendSV_Handler)
    SPI_FLASH_ReadDeviceID                   0x08003195   Thumb Code    56  spi_flash.o(i.SPI_FLASH_ReadDeviceID)
    SPI_FLASH_ReadID                         0x080031d1   Thumb Code   106  spi_flash.o(i.SPI_FLASH_ReadID)
    SVC_Handler                              0x080032d5   Thumb Code     2  stm32f4xx_it.o(i.SVC_Handler)
    SysTick_Handler                          0x080032d9   Thumb Code   168  stm32f4xx_it.o(i.SysTick_Handler)
    SystemClock_Config                       0x080033a9   Thumb Code   126  main.o(i.SystemClock_Config)
    SystemInit                               0x08003431   Thumb Code    22  system_stm32f4xx.o(i.SystemInit)
    TIM2_IRQHandler                          0x0800344d   Thumb Code     2  stm32f4xx_it.o(i.TIM2_IRQHandler)
    USART2_IRQHandler                        0x080035dd   Thumb Code     2  stm32f4xx_it.o(i.USART2_IRQHandler)
    USART3_IRQHandler                        0x080035df   Thumb Code     2  stm32f4xx_it.o(i.USART3_IRQHandler)
    UsageFault_Handler                       0x080035e1   Thumb Code     2  stm32f4xx_it.o(i.UsageFault_Handler)
    __0printf$5                              0x080035e5   Thumb Code    22  printf5.o(i.__0printf$5)
    __1printf$5                              0x080035e5   Thumb Code     0  printf5.o(i.__0printf$5)
    __2printf                                0x080035e5   Thumb Code     0  printf5.o(i.__0printf$5)
    __scatterload_copy                       0x08003625   Thumb Code    14  handlers.o(i.__scatterload_copy)
    __scatterload_null                       0x08003633   Thumb Code     2  handlers.o(i.__scatterload_null)
    __scatterload_zeroinit                   0x08003635   Thumb Code    14  handlers.o(i.__scatterload_zeroinit)
    bsp_application_task_2000ms              0x08003905   Thumb Code    52  bsp_user.o(i.bsp_application_task_2000ms)
    bsp_application_task_loop                0x08003969   Thumb Code    84  bsp_user.o(i.bsp_application_task_loop)
    fputc                                    0x080039e1   Thumb Code    20  usart.o(i.fputc)
    main                                     0x080039f9   Thumb Code   242  main.o(i.main)
    spi3_read_write_byte                     0x08003b95   Thumb Code    28  spi.o(i.spi3_read_write_byte)
    spi3_trx                                 0x08003bb5   Thumb Code    56  spi.o(i.spi3_trx)
    stm32can_rxinterrupt                     0x08003bf1   Thumb Code   284  bsp_can.o(i.stm32can_rxinterrupt)
    AHBPrescTable                            0x08003d1c   Data          16  system_stm32f4xx.o(.constdata)
    APBPrescTable                            0x08003d2c   Data           8  system_stm32f4xx.o(.constdata)
    Region$$Table$$Base                      0x08003d34   Number         0  anon$$obj.o(Region$$Table)
    Region$$Table$$Limit                     0x08003d54   Number         0  anon$$obj.o(Region$$Table)
    Time_1ms_Flag                            0x20000000   Data           1  main.o(.data)
    Time_5ms_Flag                            0x20000001   Data           1  main.o(.data)
    Time_10ms_Flag                           0x20000002   Data           1  main.o(.data)
    Time_20ms_Flag                           0x20000003   Data           1  main.o(.data)
    Time_50ms_Flag                           0x20000004   Data           1  main.o(.data)
    Time_100ms_Flag                          0x20000005   Data           1  main.o(.data)
    Time_500ms_Flag                          0x20000006   Data           1  main.o(.data)
    Time_1000ms_Flag                         0x20000007   Data           1  main.o(.data)
    Time_2000ms_Flag                         0x20000008   Data           1  main.o(.data)
    DMA_Transfer_Complete_Count              0x2000000a   Data           2  temp_pres_drv.o(.data)
    _DMA_Transfer_Complete_Count             0x2000000c   Data           2  temp_pres_drv.o(.data)
    Current_Cv                               0x2000000e   Data           2  temp_pres_drv.o(.data)
    hal_can_tx_counter1                      0x20000010   Data           4  bsp_can.o(.data)
    received_packet_num                      0x20000014   Data           4  bsp_can.o(.data)
    uwTickFreq                               0x2000001c   Data           1  stm32f4xx_hal.o(.data)
    uwTickPrio                               0x20000020   Data           4  stm32f4xx_hal.o(.data)
    uwTick                                   0x20000024   Data           4  stm32f4xx_hal.o(.data)
    SystemCoreClock                          0x20000028   Data           4  system_stm32f4xx.o(.data)
    __stdout                                 0x2000002c   Data           4  stdout.o(.data)
    ADC_ConvertedValue                       0x20000030   Data          18  main.o(.bss)
    _ADC_ConvertedValue                      0x20000042   Data          20  main.o(.bss)
    ACT_ADC_ConvertedValue                   0x20000058   Data          36  main.o(.bss)
    _ACT_ADC_ConvertedValue                  0x2000007c   Data          40  main.o(.bss)
    ADC_AVG                                  0x200000a4   Data          18  main.o(.bss)
    _ADC_AVG                                 0x200000b6   Data          20  main.o(.bss)
    UartHandle                               0x200000cc   Data          64  usart.o(.bss)
    hspi2                                    0x2000010c   Data          88  spi.o(.bss)
    hspi3                                    0x20000164   Data          88  spi.o(.bss)
    hadc1                                    0x200001bc   Data          72  temp_pres_drv.o(.bss)
    hadc3                                    0x20000204   Data          72  temp_pres_drv.o(.bss)
    hdma_adc1                                0x2000024c   Data          96  temp_pres_drv.o(.bss)
    hdma_adc3                                0x200002ac   Data          96  temp_pres_drv.o(.bss)
    hcan1                                    0x2000030c   Data          40  bsp_can.o(.bss)
    hcan2                                    0x20000334   Data          40  bsp_can.o(.bss)
    CANQueueRx                               0x2000035c   Data        1004  can_queue.o(.bss)
    CANQueueTx                               0x20000748   Data        1004  can_queue.o(.bss)
    I2C_Handle                               0x20000b34   Data          84  fm24cl64b_i2c.o(.bss)
    __initial_sp                             0x20000f88   Data           0  startup_stm32f405xx.o(STACK)



==============================================================================

Memory Map of the image

  Image Entry point : 0x08000189

  Load Region LR_IROM1 (Base: 0x08000000, Size: 0x00003d84, Max: 0x00100000, ABSOLUTE)

    Execution Region ER_IROM1 (Base: 0x08000000, Size: 0x00003d54, Max: 0x00100000, ABSOLUTE)

    Base Addr    Size         Type   Attr      Idx    E Section Name        Object

    0x08000000   0x00000188   Data   RO            3    RESET               startup_stm32f405xx.o
    0x08000188   0x00000000   Code   RO         6278  * .ARM.Collect$$$$00000000  mc_w.l(entry.o)
    0x08000188   0x00000004   Code   RO         6564    .ARM.Collect$$$$00000001  mc_w.l(entry2.o)
    0x0800018c   0x00000004   Code   RO         6567    .ARM.Collect$$$$00000004  mc_w.l(entry5.o)
    0x08000190   0x00000000   Code   RO         6569    .ARM.Collect$$$$00000008  mc_w.l(entry7b.o)
    0x08000190   0x00000000   Code   RO         6571    .ARM.Collect$$$$0000000A  mc_w.l(entry8b.o)
    0x08000190   0x00000008   Code   RO         6572    .ARM.Collect$$$$0000000B  mc_w.l(entry9a.o)
    0x08000198   0x00000000   Code   RO         6574    .ARM.Collect$$$$0000000D  mc_w.l(entry10a.o)
    0x08000198   0x00000000   Code   RO         6576    .ARM.Collect$$$$0000000F  mc_w.l(entry11a.o)
    0x08000198   0x00000004   Code   RO         6565    .ARM.Collect$$$$00002712  mc_w.l(entry2.o)
    0x0800019c   0x00000024   Code   RO            4    .text               startup_stm32f405xx.o
    0x080001c0   0x00000062   Code   RO         6281    .text               mc_w.l(uldiv.o)
    0x08000222   0x00000024   Code   RO         6283    .text               mc_w.l(memcpya.o)
    0x08000246   0x00000024   Code   RO         6285    .text               mc_w.l(memseta.o)
    0x0800026a   0x0000001e   Code   RO         6581    .text               mc_w.l(llshl.o)
    0x08000288   0x00000020   Code   RO         6583    .text               mc_w.l(llushr.o)
    0x080002a8   0x00000024   Code   RO         6592    .text               mc_w.l(init.o)
    0x080002cc   0x0000006e   Code   RO         4663    i.ADC_DMAConvCplt   stm32f4xx_hal_adc.o
    0x0800033a   0x00000016   Code   RO         4664    i.ADC_DMAError      stm32f4xx_hal_adc.o
    0x08000350   0x0000000a   Code   RO         4665    i.ADC_DMAHalfConvCplt  stm32f4xx_hal_adc.o
    0x0800035a   0x00000002   PAD
    0x0800035c   0x00000128   Code   RO         4666    i.ADC_Init          stm32f4xx_hal_adc.o
    0x08000484   0x000000dc   Code   RO         1942    i.API_OUT_Do_Cfg    bsp_output_do.o
    0x08000560   0x0000000c   Code   RO         1944    i.API_OUT_Do_Set    bsp_output_do.o
    0x0800056c   0x00000002   Code   RO          260    i.BusFault_Handler  stm32f4xx_it.o
    0x0800056e   0x00000002   PAD
    0x08000570   0x0000000c   Code   RO          261    i.CAN1_RX0_IRQHandler  stm32f4xx_it.o
    0x0800057c   0x0000000c   Code   RO          262    i.CAN1_TX_IRQHandler  stm32f4xx_it.o
    0x08000588   0x0000000c   Code   RO          263    i.CAN2_RX0_IRQHandler  stm32f4xx_it.o
    0x08000594   0x00000040   Code   RO          426    i.DEBUG_UART_Config  usart.o
    0x080005d4   0x0000000c   Code   RO          264    i.DMA2_Stream0_IRQHandler  stm32f4xx_it.o
    0x080005e0   0x0000000c   Code   RO          265    i.DMA2_Stream1_IRQHandler  stm32f4xx_it.o
    0x080005ec   0x00000028   Code   RO         3663    i.DMA_CalcBaseAndBitshift  stm32f4xx_hal_dma.o
    0x08000614   0x00000054   Code   RO         3664    i.DMA_CheckFifoParam  stm32f4xx_hal_dma.o
    0x08000668   0x00000028   Code   RO         3665    i.DMA_SetConfig     stm32f4xx_hal_dma.o
    0x08000690   0x00000002   Code   RO          266    i.DebugMon_Handler  stm32f4xx_it.o
    0x08000692   0x00000002   Code   RO          267    i.EXTI2_IRQHandler  stm32f4xx_it.o
    0x08000694   0x00000002   Code   RO          268    i.EXTI3_IRQHandler  stm32f4xx_it.o
    0x08000696   0x00000002   Code   RO          269    i.EXTI4_IRQHandler  stm32f4xx_it.o
    0x08000698   0x00000002   Code   RO           13    i.Error_Handler     main.o
    0x0800069a   0x00000002   PAD
    0x0800069c   0x0000014c   Code   RO         4668    i.HAL_ADC_ConfigChannel  stm32f4xx_hal_adc.o
    0x080007e8   0x000000d0   Code   RO          689    i.HAL_ADC_ConvCpltCallback  temp_pres_drv.o
    0x080008b8   0x00000002   Code   RO         4670    i.HAL_ADC_ConvHalfCpltCallback  stm32f4xx_hal_adc.o
    0x080008ba   0x00000002   Code   RO         4672    i.HAL_ADC_ErrorCallback  stm32f4xx_hal_adc.o
    0x080008bc   0x00000054   Code   RO         4677    i.HAL_ADC_Init      stm32f4xx_hal_adc.o
    0x08000910   0x00000170   Code   RO          691    i.HAL_ADC_MspInit   temp_pres_drv.o
    0x08000a80   0x00000130   Code   RO         4684    i.HAL_ADC_Start_DMA  stm32f4xx_hal_adc.o
    0x08000bb0   0x00000002   Code   RO          761    i.HAL_CAN_ErrorCallback  bsp_can.o
    0x08000bb2   0x000000e8   Code   RO          937    i.HAL_CAN_GetRxMessage  stm32f4xx_hal_can.o
    0x08000c9a   0x000001fc   Code   RO          941    i.HAL_CAN_IRQHandler  stm32f4xx_hal_can.o
    0x08000e96   0x00000002   Code   RO          949    i.HAL_CAN_RxFifo0FullCallback  stm32f4xx_hal_can.o
    0x08000e98   0x00000006   Code   RO          764    i.HAL_CAN_RxFifo0MsgPendingCallback  bsp_can.o
    0x08000e9e   0x00000002   Code   RO          951    i.HAL_CAN_RxFifo1FullCallback  stm32f4xx_hal_can.o
    0x08000ea0   0x00000006   Code   RO          765    i.HAL_CAN_RxFifo1MsgPendingCallback  bsp_can.o
    0x08000ea6   0x00000002   Code   RO          953    i.HAL_CAN_SleepCallback  stm32f4xx_hal_can.o
    0x08000ea8   0x00000002   Code   RO          956    i.HAL_CAN_TxMailbox0AbortCallback  stm32f4xx_hal_can.o
    0x08000eaa   0x00000002   PAD
    0x08000eac   0x00000010   Code   RO          766    i.HAL_CAN_TxMailbox0CompleteCallback  bsp_can.o
    0x08000ebc   0x00000002   Code   RO          958    i.HAL_CAN_TxMailbox1AbortCallback  stm32f4xx_hal_can.o
    0x08000ebe   0x00000002   PAD
    0x08000ec0   0x00000010   Code   RO          767    i.HAL_CAN_TxMailbox1CompleteCallback  bsp_can.o
    0x08000ed0   0x00000002   Code   RO          960    i.HAL_CAN_TxMailbox2AbortCallback  stm32f4xx_hal_can.o
    0x08000ed2   0x00000002   PAD
    0x08000ed4   0x00000010   Code   RO          768    i.HAL_CAN_TxMailbox2CompleteCallback  bsp_can.o
    0x08000ee4   0x00000002   Code   RO          963    i.HAL_CAN_WakeUpFromRxMsgCallback  stm32f4xx_hal_can.o
    0x08000ee6   0x00000002   PAD
    0x08000ee8   0x000001a0   Code   RO         3671    i.HAL_DMA_IRQHandler  stm32f4xx_hal_dma.o
    0x08001088   0x000000d4   Code   RO         3672    i.HAL_DMA_Init      stm32f4xx_hal_dma.o
    0x0800115c   0x0000006e   Code   RO         3676    i.HAL_DMA_Start_IT  stm32f4xx_hal_dma.o
    0x080011ca   0x00000002   PAD
    0x080011cc   0x000001b8   Code   RO         3559    i.HAL_GPIO_Init     stm32f4xx_hal_gpio.o
    0x08001384   0x0000000c   Code   RO         4091    i.HAL_GetTick       stm32f4xx_hal.o
    0x08001390   0x00000006   Code   RO         5525    i.HAL_I2C_GetState  stm32f4xx_hal_i2c.o
    0x08001396   0x00000002   PAD
    0x08001398   0x00000188   Code   RO         5526    i.HAL_I2C_Init      stm32f4xx_hal_i2c.o
    0x08001520   0x0000016c   Code   RO         5527    i.HAL_I2C_IsDeviceReady  stm32f4xx_hal_i2c.o
    0x0800168c   0x000001f8   Code   RO         5544    i.HAL_I2C_Mem_Read  stm32f4xx_hal_i2c.o
    0x08001884   0x00000130   Code   RO         5547    i.HAL_I2C_Mem_Write  stm32f4xx_hal_i2c.o
    0x080019b4   0x00000088   Code   RO         1833    i.HAL_I2C_MspInit   fm24cl64b_i2c.o
    0x08001a3c   0x00000010   Code   RO         4097    i.HAL_IncTick       stm32f4xx_hal.o
    0x08001a4c   0x00000034   Code   RO         4098    i.HAL_Init          stm32f4xx_hal.o
    0x08001a80   0x00000040   Code   RO         4099    i.HAL_InitTick      stm32f4xx_hal.o
    0x08001ac0   0x00000030   Code   RO          402    i.HAL_MspInit       stm32f4xx_hal_msp.o
    0x08001af0   0x0000001a   Code   RO         3948    i.HAL_NVIC_EnableIRQ  stm32f4xx_hal_cortex.o
    0x08001b0a   0x00000002   PAD
    0x08001b0c   0x00000040   Code   RO         3954    i.HAL_NVIC_SetPriority  stm32f4xx_hal_cortex.o
    0x08001b4c   0x00000024   Code   RO         3955    i.HAL_NVIC_SetPriorityGrouping  stm32f4xx_hal_cortex.o
    0x08001b70   0x00000134   Code   RO         3205    i.HAL_RCC_ClockConfig  stm32f4xx_hal_rcc.o
    0x08001ca4   0x00000020   Code   RO         3212    i.HAL_RCC_GetPCLK1Freq  stm32f4xx_hal_rcc.o
    0x08001cc4   0x00000020   Code   RO         3213    i.HAL_RCC_GetPCLK2Freq  stm32f4xx_hal_rcc.o
    0x08001ce4   0x00000060   Code   RO         3214    i.HAL_RCC_GetSysClockFreq  stm32f4xx_hal_rcc.o
    0x08001d44   0x0000035c   Code   RO         3217    i.HAL_RCC_OscConfig  stm32f4xx_hal_rcc.o
    0x080020a0   0x00000080   Code   RO         4949    i.HAL_SPI_Init      stm32f4xx_hal_spi.o
    0x08002120   0x000000d0   Code   RO          518    i.HAL_SPI_MspInit   spi.o
    0x080021f0   0x00000150   Code   RO         4952    i.HAL_SPI_Receive   stm32f4xx_hal_spi.o
    0x08002340   0x0000015c   Code   RO         4957    i.HAL_SPI_Transmit  stm32f4xx_hal_spi.o
    0x0800249c   0x000001e2   Code   RO         4958    i.HAL_SPI_TransmitReceive  stm32f4xx_hal_spi.o
    0x0800267e   0x00000028   Code   RO         3959    i.HAL_SYSTICK_Config  stm32f4xx_hal_cortex.o
    0x080026a6   0x00000062   Code   RO         4362    i.HAL_UART_Init     stm32f4xx_hal_uart.o
    0x08002708   0x0000007c   Code   RO          428    i.HAL_UART_MspInit  usart.o
    0x08002784   0x000000ba   Code   RO         4370    i.HAL_UART_Transmit  stm32f4xx_hal_uart.o
    0x0800283e   0x00000002   Code   RO          270    i.HardFault_Handler  stm32f4xx_it.o
    0x08002840   0x0000001c   Code   RO         1834    i.I2C_Fram_BufferRead  fm24cl64b_i2c.o
    0x0800285c   0x00000030   Code   RO         1837    i.I2C_Fram_Init     fm24cl64b_i2c.o
    0x0800288c   0x00000048   Code   RO         1838    i.I2C_Fram_PageWrite  fm24cl64b_i2c.o
    0x080028d4   0x0000002e   Code   RO         5568    i.I2C_IsAcknowledgeFailed  stm32f4xx_hal_i2c.o
    0x08002902   0x00000002   PAD
    0x08002904   0x000000fc   Code   RO         5578    i.I2C_RequestMemoryRead  stm32f4xx_hal_i2c.o
    0x08002a00   0x000000a8   Code   RO         5579    i.I2C_RequestMemoryWrite  stm32f4xx_hal_i2c.o
    0x08002aa8   0x0000004c   Code   RO         5582    i.I2C_WaitOnBTFFlagUntilTimeout  stm32f4xx_hal_i2c.o
    0x08002af4   0x00000068   Code   RO         5583    i.I2C_WaitOnFlagUntilTimeout  stm32f4xx_hal_i2c.o
    0x08002b5c   0x00000096   Code   RO         5584    i.I2C_WaitOnMasterAddressFlagUntilTimeout  stm32f4xx_hal_i2c.o
    0x08002bf2   0x00000066   Code   RO         5585    i.I2C_WaitOnRXNEFlagUntilTimeout  stm32f4xx_hal_i2c.o
    0x08002c58   0x0000004c   Code   RO         5586    i.I2C_WaitOnTXEFlagUntilTimeout  stm32f4xx_hal_i2c.o
    0x08002ca4   0x00000044   Code   RO         1168    i.InsertCanQueueRx  can_queue.o
    0x08002ce8   0x00000028   Code   RO         1172    i.IsFullCanQueueRx  can_queue.o
    0x08002d10   0x000000cc   Code   RO         1271    i.LED_GPIO_Config   led.o
    0x08002ddc   0x00000110   Code   RO          692    i.MX_ADC1_Init      temp_pres_drv.o
    0x08002eec   0x00000120   Code   RO          693    i.MX_ADC3_Init      temp_pres_drv.o
    0x0800300c   0x0000003c   Code   RO          694    i.MX_DMA_Init       temp_pres_drv.o
    0x08003048   0x00000048   Code   RO          519    i.MX_SPI2_Init      spi.o
    0x08003090   0x00000048   Code   RO          520    i.MX_SPI3_Init      spi.o
    0x080030d8   0x00000002   Code   RO          271    i.MemManage_Handler  stm32f4xx_it.o
    0x080030da   0x00000002   Code   RO          272    i.NMI_Handler       stm32f4xx_it.o
    0x080030dc   0x00000002   Code   RO          273    i.PendSV_Handler    stm32f4xx_it.o
    0x080030de   0x0000005c   Code   RO         4986    i.SPI_EndRxTransaction  stm32f4xx_hal_spi.o
    0x0800313a   0x00000002   PAD
    0x0800313c   0x00000058   Code   RO         4987    i.SPI_EndRxTxTransaction  stm32f4xx_hal_spi.o
    0x08003194   0x0000003c   Code   RO          583    i.SPI_FLASH_ReadDeviceID  spi_flash.o
    0x080031d0   0x00000070   Code   RO          584    i.SPI_FLASH_ReadID  spi_flash.o
    0x08003240   0x00000094   Code   RO         4992    i.SPI_WaitFlagStateUntilTimeout  stm32f4xx_hal_spi.o
    0x080032d4   0x00000002   Code   RO          274    i.SVC_Handler       stm32f4xx_it.o
    0x080032d6   0x00000002   PAD
    0x080032d8   0x000000d0   Code   RO          275    i.SysTick_Handler   stm32f4xx_it.o
    0x080033a8   0x00000088   Code   RO           14    i.SystemClock_Config  main.o
    0x08003430   0x0000001c   Code   RO         5961    i.SystemInit        system_stm32f4xx.o
    0x0800344c   0x00000002   Code   RO          276    i.TIM2_IRQHandler   stm32f4xx_it.o
    0x0800344e   0x00000002   PAD
    0x08003450   0x00000128   Code   RO         4388    i.UART_SetConfig    stm32f4xx_hal_uart.o
    0x08003578   0x00000064   Code   RO         4390    i.UART_WaitOnFlagUntilTimeout  stm32f4xx_hal_uart.o
    0x080035dc   0x00000002   Code   RO          277    i.USART2_IRQHandler  stm32f4xx_it.o
    0x080035de   0x00000002   Code   RO          278    i.USART3_IRQHandler  stm32f4xx_it.o
    0x080035e0   0x00000002   Code   RO          279    i.UsageFault_Handler  stm32f4xx_it.o
    0x080035e2   0x00000002   PAD
    0x080035e4   0x00000020   Code   RO         6422    i.__0printf$5       mc_w.l(printf5.o)
    0x08003604   0x00000020   Code   RO         3961    i.__NVIC_SetPriority  stm32f4xx_hal_cortex.o
    0x08003624   0x0000000e   Code   RO         6598    i.__scatterload_copy  mc_w.l(handlers.o)
    0x08003632   0x00000002   Code   RO         6599    i.__scatterload_null  mc_w.l(handlers.o)
    0x08003634   0x0000000e   Code   RO         6600    i.__scatterload_zeroinit  mc_w.l(handlers.o)
    0x08003642   0x00000002   PAD
    0x08003644   0x000002c0   Code   RO         6429    i._printf_core      mc_w.l(printf5.o)
    0x08003904   0x00000064   Code   RO         1987    i.bsp_application_task_2000ms  bsp_user.o
    0x08003968   0x00000078   Code   RO         1992    i.bsp_application_task_loop  bsp_user.o
    0x080039e0   0x00000018   Code   RO          431    i.fputc             usart.o
    0x080039f8   0x0000019c   Code   RO           15    i.main              main.o
    0x08003b94   0x00000020   Code   RO          522    i.spi3_read_write_byte  spi.o
    0x08003bb4   0x0000003c   Code   RO          523    i.spi3_trx          spi.o
    0x08003bf0   0x00000124   Code   RO          774    i.stm32can_rxinterrupt  bsp_can.o
    0x08003d14   0x00000008   Data   RO         3678    .constdata          stm32f4xx_hal_dma.o
    0x08003d1c   0x00000010   Data   RO         5962    .constdata          system_stm32f4xx.o
    0x08003d2c   0x00000008   Data   RO         5963    .constdata          system_stm32f4xx.o
    0x08003d34   0x00000020   Data   RO         6596    Region$$Table       anon$$obj.o


    Execution Region RW_IRAM1 (Base: 0x20000000, Size: 0x00000f88, Max: 0x00020000, ABSOLUTE)

    Base Addr    Size         Type   Attr      Idx    E Section Name        Object

    0x20000000   0x00000001   Data   RW           23    .data               main.o
    0x20000001   0x00000001   Data   RW           24    .data               main.o
    0x20000002   0x00000001   Data   RW           25    .data               main.o
    0x20000003   0x00000001   Data   RW           26    .data               main.o
    0x20000004   0x00000001   Data   RW           27    .data               main.o
    0x20000005   0x00000001   Data   RW           28    .data               main.o
    0x20000006   0x00000001   Data   RW           29    .data               main.o
    0x20000007   0x00000001   Data   RW           30    .data               main.o
    0x20000008   0x00000001   Data   RW           31    .data               main.o
    0x20000009   0x00000001   PAD
    0x2000000a   0x00000006   Data   RW          696    .data               temp_pres_drv.o
    0x20000010   0x0000000c   Data   RW          778    .data               bsp_can.o
    0x2000001c   0x0000000c   Data   RW         4105    .data               stm32f4xx_hal.o
    0x20000028   0x00000004   Data   RW         5964    .data               system_stm32f4xx.o
    0x2000002c   0x00000004   Data   RW         6578    .data               mc_w.l(stdout.o)
    0x20000030   0x00000026   Zero   RW           16    .bss                main.o
    0x20000056   0x00000002   PAD
    0x20000058   0x00000024   Zero   RW           17    .bss                main.o
    0x2000007c   0x00000028   Zero   RW           18    .bss                main.o
    0x200000a4   0x00000012   Zero   RW           19    .bss                main.o
    0x200000b6   0x00000014   Zero   RW           20    .bss                main.o
    0x200000ca   0x00000002   PAD
    0x200000cc   0x00000040   Zero   RW          432    .bss                usart.o
    0x2000010c   0x000000b0   Zero   RW          524    .bss                spi.o
    0x200001bc   0x00000150   Zero   RW          695    .bss                temp_pres_drv.o
    0x2000030c   0x00000050   Zero   RW          775    .bss                bsp_can.o
    0x2000035c   0x000007d8   Zero   RW         1176    .bss                can_queue.o
    0x20000b34   0x00000054   Zero   RW         1839    .bss                fm24cl64b_i2c.o
    0x20000b88   0x00000400   Zero   RW            1    STACK               startup_stm32f405xx.o


==============================================================================

Image component sizes


      Code (inc. data)   RO Data    RW Data    ZI Data      Debug   Object Name

       354         26          0         12         80       7237   bsp_can.o
       232         10          0          0          0       2690   bsp_output_do.o
       220         84          0          0          0       1154   bsp_user.o
       108         10          0          0       2008       3735   can_queue.o
       284         32          0          0         84       3110   fm24cl64b_i2c.o
       204          8          0          0          0       3410   led.o
       550        180          0          9        152     700702   main.o
       444         48          0          0        176       3684   spi.o
       172         10          0          0          0       1404   spi_flash.o
        36          8        392          0       1024        840   startup_stm32f405xx.o
       144         24          0         12          0       8848   stm32f4xx_hal.o
      1162         64          0          0          0       6902   stm32f4xx_hal_adc.o
       754          0          0          0          0       6924   stm32f4xx_hal_can.o
       198         14          0          0          0      33983   stm32f4xx_hal_cortex.o
       902         16          8          0          0       5851   stm32f4xx_hal_dma.o
       440         46          0          0          0       1752   stm32f4xx_hal_gpio.o
      2544         62          0          0          0      15001   stm32f4xx_hal_i2c.o
        48          6          0          0          0        842   stm32f4xx_hal_msp.o
      1328         72          0          0          0       5264   stm32f4xx_hal_rcc.o
      1622          8          0          0          0       8338   stm32f4xx_hal_spi.o
       680         10          0          0          0       4144   stm32f4xx_hal_uart.o
       296         70          0          0          0       9410   stm32f4xx_it.o
        28          6         24          4          0       1143   system_stm32f4xx.o
      1196        100          0          6        336       4992   temp_pres_drv.o
       212         24          0          0         64       2312   usart.o

    ----------------------------------------------------------------------
     14188        938        456         44       3928     843672   Object Totals
         0          0         32          0          0          0   (incl. Generated)
        30          0          0          1          4          0   (incl. Padding)

    ----------------------------------------------------------------------

      Code (inc. data)   RO Data    RW Data    ZI Data      Debug   Library Member Name

         0          0          0          0          0          0   entry.o
         0          0          0          0          0          0   entry10a.o
         0          0          0          0          0          0   entry11a.o
         8          4          0          0          0          0   entry2.o
         4          0          0          0          0          0   entry5.o
         0          0          0          0          0          0   entry7b.o
         0          0          0          0          0          0   entry8b.o
         8          4          0          0          0          0   entry9a.o
        30          0          0          0          0          0   handlers.o
        36          8          0          0          0         68   init.o
        30          0          0          0          0         68   llshl.o
        32          0          0          0          0         68   llushr.o
        36          0          0          0          0         68   memcpya.o
        36          0          0          0          0        108   memseta.o
       736         56          0          0          0        184   printf5.o
         0          0          0          4          0          0   stdout.o
        98          0          0          0          0         92   uldiv.o

    ----------------------------------------------------------------------
      1056         72          0          4          0        656   Library Totals
         2          0          0          0          0          0   (incl. Padding)

    ----------------------------------------------------------------------

      Code (inc. data)   RO Data    RW Data    ZI Data      Debug   Library Name

      1054         72          0          4          0        656   mc_w.l

    ----------------------------------------------------------------------
      1056         72          0          4          0        656   Library Totals

    ----------------------------------------------------------------------

==============================================================================


      Code (inc. data)   RO Data    RW Data    ZI Data      Debug   

     15244       1010        456         48       3928     832972   Grand Totals
     15244       1010        456         48       3928     832972   ELF Image Totals
     15244       1010        456         48          0          0   ROM Totals

==============================================================================

    Total RO  Size (Code + RO Data)                15700 (  15.33kB)
    Total RW  Size (RW Data + ZI Data)              3976 (   3.88kB)
    Total ROM Size (Code + RO Data + RW Data)      15748 (  15.38kB)

==============================================================================

